[    3906ms] Error: Minified React error #418; visit https://react.dev/errors/418?args[]=HTML&args[]= for the full message or use the non-minified dev environment for full errors and additional helpful warnings.
    at rO (https://www.purepetfood.com/_next/static/chunks/framework-043cd816f72637e7.js:1:35397)
    at oG (https://www.purepetfood.com/_next/static/chunks/framework-043cd816f72637e7.js:1:85443)
    at sw (https://www.purepetfood.com/_next/static/chunks/framework-043cd816f72637e7.js:1:116530)
    at https://www.purepetfood.com/_next/static/chunks/framework-043cd816f72637e7.js:1:116375
    at sS (https://www.purepetfood.com/_next/static/chunks/framework-043cd816f72637e7.js:1:116383)
    at sc (https://www.purepetfood.com/_next/static/chunks/framework-043cd816f72637e7.js:1:111758)
    at sJ (https://www.purepetfood.com/_next/static/chunks/framework-043cd816f72637e7.js:1:134896)
    at MessagePort._ (https://www.purepetfood.com/_next/static/chunks/framework-043cd816f72637e7.js:1:371091)
[    4287ms] [WARNING] Amplitude Logger [Warn]: Plugin name is undefined. 
      Generating a random UUID for plugin name: 765fae06-f9c1-4ae7-a7ce-28652e95078f. 
      Set a name for the plugin to prevent it from being added multiple times. @ https://www.purepetfood.com/_next/static/chunks/pages/_app-57ccec936cfe8fbc.js:5
[    4288ms] [WARNING] Amplitude Logger [Warn]: Plugin with name google-tag-manager already exists, skipping registration @ https://www.purepetfood.com/_next/static/chunks/pages/_app-57ccec936cfe8fbc.js:5
[    4288ms] [WARNING] Amplitude Logger [Warn]: Plugin with name @amplitude/plugin-session-replay-browser already exists, skipping registration @ https://www.purepetfood.com/_next/static/chunks/pages/_app-57ccec936cfe8fbc.js:5
[    4288ms] [WARNING] Amplitude Logger [Warn]: Plugin name is undefined. 
      Generating a random UUID for plugin name: a368e4ff-4bb8-48f9-99e3-0278f84d4e01. 
      Set a name for the plugin to prevent it from being added multiple times. @ https://www.purepetfood.com/_next/static/chunks/pages/_app-57ccec936cfe8fbc.js:5
[   79679ms] [ERROR] Failed to load resource: net::ERR_CONNECTION_TIMED_OUT @ https://analytics.tiktok.com/i18n/pixel/events.js?sdkid=C5ONCI5ODNNK397VL59G&lib=ttq:0
[ 2245608ms] [WARNING] Amplitude Logger [Warn]: Plugin with name google-tag-manager already exists, skipping registration @ https://www.purepetfood.com/_next/static/chunks/pages/_app-57ccec936cfe8fbc.js:5
[ 2245608ms] [WARNING] Amplitude Logger [Warn]: Plugin with name @amplitude/plugin-session-replay-browser already exists, skipping registration @ https://www.purepetfood.com/_next/static/chunks/pages/_app-57ccec936cfe8fbc.js:5
[ 2245608ms] [WARNING] Amplitude Logger [Warn]: Plugin name is undefined. 
      Generating a random UUID for plugin name: 4026282b-dd9e-4159-9603-df5a29d03ee8. 
      Set a name for the plugin to prevent it from being added multiple times. @ https://www.purepetfood.com/_next/static/chunks/pages/_app-57ccec936cfe8fbc.js:5
[ 2259388ms] [WARNING] Amplitude Logger [Warn]: Plugin with name google-tag-manager already exists, skipping registration @ https://www.purepetfood.com/_next/static/chunks/pages/_app-57ccec936cfe8fbc.js:5
[ 2259388ms] [WARNING] Amplitude Logger [Warn]: Plugin with name @amplitude/plugin-session-replay-browser already exists, skipping registration @ https://www.purepetfood.com/_next/static/chunks/pages/_app-57ccec936cfe8fbc.js:5
[ 2259388ms] [WARNING] Amplitude Logger [Warn]: Plugin name is undefined. 
      Generating a random UUID for plugin name: f30d4ce3-a3dc-420f-9e30-4ca848c9d4fa. 
      Set a name for the plugin to prevent it from being added multiple times. @ https://www.purepetfood.com/_next/static/chunks/pages/_app-57ccec936cfe8fbc.js:5
[ 2320852ms] [ERROR] Failed to load resource: net::ERR_CONNECTION_TIMED_OUT @ https://analytics.tiktok.com/i18n/pixel/events.js?sdkid=C5ONCI5ODNNK397VL59G&lib=ttq:0
