[    1160ms] [WARNING] Amplitude Logger [Warn]: Plugin name is undefined. 
      Generating a random UUID for plugin name: 6259a15d-6559-49e7-b2f7-0d3d71791426. 
      Set a name for the plugin to prevent it from being added multiple times. @ https://www.purepetfood.com/_next/static/chunks/pages/_app-b69061ea9952a858.js:5
[    1160ms] [WARNING] Amplitude Logger [Warn]: Plugin with name google-tag-manager already exists, skipping registration @ https://www.purepetfood.com/_next/static/chunks/pages/_app-b69061ea9952a858.js:5
[    1160ms] [WARNING] Amplitude Logger [Warn]: Plugin with name @amplitude/plugin-session-replay-browser already exists, skipping registration @ https://www.purepetfood.com/_next/static/chunks/pages/_app-b69061ea9952a858.js:5
[    1160ms] [WARNING] Amplitude Logger [Warn]: Plugin name is undefined. 
      Generating a random UUID for plugin name: 930044e0-e29a-422a-8879-ee4925a69351. 
      Set a name for the plugin to prevent it from being added multiple times. @ https://www.purepetfood.com/_next/static/chunks/pages/_app-b69061ea9952a858.js:5
[    1610ms] [WARNING] Amplitude Logger [Warn]: Plugin with name google-tag-manager already exists, skipping registration @ https://www.purepetfood.com/_next/static/chunks/pages/_app-b69061ea9952a858.js:5
[    1611ms] [WARNING] Amplitude Logger [Warn]: Plugin with name @amplitude/plugin-session-replay-browser already exists, skipping registration @ https://www.purepetfood.com/_next/static/chunks/pages/_app-b69061ea9952a858.js:5
[    1611ms] [WARNING] Amplitude Logger [Warn]: Plugin name is undefined. 
      Generating a random UUID for plugin name: 765f9c44-4271-4b15-a97e-5d596a7b10fb. 
      Set a name for the plugin to prevent it from being added multiple times. @ https://www.purepetfood.com/_next/static/chunks/pages/_app-b69061ea9952a858.js:5
[    1864ms] [ERROR] Attestation check for Attribution Reporting on https://www.google-analytics.com failed. @ https://www.purepetfood.com/signup:0
[   33349ms] [WARNING] Amplitude Logger [Warn]: Plugin with name google-tag-manager already exists, skipping registration @ https://www.purepetfood.com/_next/static/chunks/pages/_app-b69061ea9952a858.js:5
[   33349ms] [WARNING] Amplitude Logger [Warn]: Plugin with name @amplitude/plugin-session-replay-browser already exists, skipping registration @ https://www.purepetfood.com/_next/static/chunks/pages/_app-b69061ea9952a858.js:5
[   33350ms] [WARNING] Amplitude Logger [Warn]: Plugin name is undefined. 
      Generating a random UUID for plugin name: 6962f7e4-0c17-44c2-a891-64b326234edc. 
      Set a name for the plugin to prevent it from being added multiple times. @ https://www.purepetfood.com/_next/static/chunks/pages/_app-b69061ea9952a858.js:5
[   33695ms] [ERROR] Attestation check for Attribution Reporting on https://www.google-analytics.com failed. @ https://www.purepetfood.com/signup/gender:0
[   41016ms] [ERROR] Failed to load resource: net::ERR_CONNECTION_TIMED_OUT @ https://analytics.tiktok.com/i18n/pixel/events.js?sdkid=C5ONCI5ODNNK397VL59G&lib=ttq:0
[   41267ms] [ERROR] Failed to load resource: net::ERR_CONNECTION_TIMED_OUT @ https://analytics.tiktok.com/i18n/pixel/events.js?sdkid=C5ONCI5ODNNK397VL59G&lib=ttq:0
[   44381ms] [WARNING] The resource https://www.purepetfood.com/_next/static/media/icon-funnel-chubby.70c06268.png was preloaded using link preload but not used within a few seconds from the window's load event. Please make sure it has an appropriate `as` value and it is preloaded intentionally. @ https://www.purepetfood.com/signup/gender:0
[   44381ms] [WARNING] The resource https://www.purepetfood.com/_next/static/media/icon-funnel-overweight.674a6d24.png was preloaded using link preload but not used within a few seconds from the window's load event. Please make sure it has an appropriate `as` value and it is preloaded intentionally. @ https://www.purepetfood.com/signup/gender:0
[   44381ms] [WARNING] The resource https://www.purepetfood.com/_next/static/media/icon-funnel-treats-lots.b4a2c2d8.png was preloaded using link preload but not used within a few seconds from the window's load event. Please make sure it has an appropriate `as` value and it is preloaded intentionally. @ https://www.purepetfood.com/signup/gender:0
[   44381ms] [WARNING] The resource https://www.purepetfood.com/_next/static/media/icon-funnel-skinny.dfdbe3bb.png was preloaded using link preload but not used within a few seconds from the window's load event. Please make sure it has an appropriate `as` value and it is preloaded intentionally. @ https://www.purepetfood.com/signup/gender:0
[   44381ms] [WARNING] The resource https://www.purepetfood.com/_next/static/media/icon-funnel-walking.f37f3eac.png was preloaded using link preload but not used within a few seconds from the window's load event. Please make sure it has an appropriate `as` value and it is preloaded intentionally. @ https://www.purepetfood.com/signup/gender:0
[   44381ms] [WARNING] The resource https://www.purepetfood.com/_next/static/media/icon-funnel-treats-few.f6cf0105.png was preloaded using link preload but not used within a few seconds from the window's load event. Please make sure it has an appropriate `as` value and it is preloaded intentionally. @ https://www.purepetfood.com/signup/gender:0
[   44381ms] [WARNING] The resource https://www.purepetfood.com/_next/static/media/icon-funnel-treats-couple.46048669.png was preloaded using link preload but not used within a few seconds from the window's load event. Please make sure it has an appropriate `as` value and it is preloaded intentionally. @ https://www.purepetfood.com/signup/gender:0
[   44381ms] [WARNING] The resource https://www.purepetfood.com/_next/static/media/icon-funnel-health.bd8a1de9.png was preloaded using link preload but not used within a few seconds from the window's load event. Please make sure it has an appropriate `as` value and it is preloaded intentionally. @ https://www.purepetfood.com/signup/gender:0
[   44381ms] [WARNING] The resource https://www.purepetfood.com/_next/static/media/loading-bowl.7caff3fe.gif was preloaded using link preload but not used within a few seconds from the window's load event. Please make sure it has an appropriate `as` value and it is preloaded intentionally. @ https://www.purepetfood.com/signup/gender:0
[   44381ms] [WARNING] The resource https://www.purepetfood.com/_next/static/media/icon-funnel-right.4145d05b.png was preloaded using link preload but not used within a few seconds from the window's load event. Please make sure it has an appropriate `as` value and it is preloaded intentionally. @ https://www.purepetfood.com/signup/gender:0
[   44381ms] [WARNING] The resource https://www.purepetfood.com/_next/static/media/icon-funnel-sprinting.bd346016.png was preloaded using link preload but not used within a few seconds from the window's load event. Please make sure it has an appropriate `as` value and it is preloaded intentionally. @ https://www.purepetfood.com/signup/gender:0
[   44381ms] [WARNING] The resource https://www.purepetfood.com/_next/static/media/icon-funnel-treats-none.3c1f3821.png was preloaded using link preload but not used within a few seconds from the window's load event. Please make sure it has an appropriate `as` value and it is preloaded intentionally. @ https://www.purepetfood.com/signup/gender:0
[   44381ms] [WARNING] The resource https://www.purepetfood.com/_next/static/media/icon-funnel-not-neutered.18dcc04e.png was preloaded using link preload but not used within a few seconds from the window's load event. Please make sure it has an appropriate `as` value and it is preloaded intentionally. @ https://www.purepetfood.com/signup/gender:0
[   44381ms] [WARNING] The resource https://www.purepetfood.com/_next/static/media/icon-funnel-sitting.39fd7d2f.png was preloaded using link preload but not used within a few seconds from the window's load event. Please make sure it has an appropriate `as` value and it is preloaded intentionally. @ https://www.purepetfood.com/signup/gender:0
[   44381ms] [WARNING] The resource https://www.purepetfood.com/_next/static/media/icon-funnel-neutered.5ec3d5ef.png was preloaded using link preload but not used within a few seconds from the window's load event. Please make sure it has an appropriate `as` value and it is preloaded intentionally. @ https://www.purepetfood.com/signup/gender:0
[   44381ms] [WARNING] The resource https://www.purepetfood.com/_next/static/media/icon-funnel-running.2090f5a5.png was preloaded using link preload but not used within a few seconds from the window's load event. Please make sure it has an appropriate `as` value and it is preloaded intentionally. @ https://www.purepetfood.com/signup/gender:0
[   58624ms] [WARNING] Amplitude Logger [Warn]: Plugin with name google-tag-manager already exists, skipping registration @ https://www.purepetfood.com/_next/static/chunks/pages/_app-b69061ea9952a858.js:5
[   58624ms] [WARNING] Amplitude Logger [Warn]: Plugin with name @amplitude/plugin-session-replay-browser already exists, skipping registration @ https://www.purepetfood.com/_next/static/chunks/pages/_app-b69061ea9952a858.js:5
[   58624ms] [WARNING] Amplitude Logger [Warn]: Plugin name is undefined. 
      Generating a random UUID for plugin name: 563a0827-2e32-48a1-bb97-23428aa1e87d. 
      Set a name for the plugin to prevent it from being added multiple times. @ https://www.purepetfood.com/_next/static/chunks/pages/_app-b69061ea9952a858.js:5
[   59013ms] [ERROR] Attestation check for Attribution Reporting on https://www.google-analytics.com failed. @ https://www.purepetfood.com/signup/age:0
[   76521ms] [ERROR] Failed to load resource: net::ERR_CONNECTION_TIMED_OUT @ https://analytics.tiktok.com/i18n/pixel/events.js?sdkid=C5ONCI5ODNNK397VL59G&lib=ttq:0
[   82030ms] [WARNING] The resource https://www.purepetfood.com/_next/static/media/icon-funnel-chubby.70c06268.png was preloaded using link preload but not used within a few seconds from the window's load event. Please make sure it has an appropriate `as` value and it is preloaded intentionally. @ https://www.purepetfood.com/signup/age:0
[   82030ms] [WARNING] The resource https://www.purepetfood.com/_next/static/media/icon-funnel-overweight.674a6d24.png was preloaded using link preload but not used within a few seconds from the window's load event. Please make sure it has an appropriate `as` value and it is preloaded intentionally. @ https://www.purepetfood.com/signup/age:0
[   82030ms] [WARNING] The resource https://www.purepetfood.com/_next/static/media/icon-funnel-treats-lots.b4a2c2d8.png was preloaded using link preload but not used within a few seconds from the window's load event. Please make sure it has an appropriate `as` value and it is preloaded intentionally. @ https://www.purepetfood.com/signup/age:0
[   82030ms] [WARNING] The resource https://www.purepetfood.com/_next/static/media/icon-funnel-skinny.dfdbe3bb.png was preloaded using link preload but not used within a few seconds from the window's load event. Please make sure it has an appropriate `as` value and it is preloaded intentionally. @ https://www.purepetfood.com/signup/age:0
[   82030ms] [WARNING] The resource https://www.purepetfood.com/_next/static/media/icon-funnel-walking.f37f3eac.png was preloaded using link preload but not used within a few seconds from the window's load event. Please make sure it has an appropriate `as` value and it is preloaded intentionally. @ https://www.purepetfood.com/signup/age:0
[   82030ms] [WARNING] The resource https://www.purepetfood.com/_next/static/media/icon-funnel-treats-few.f6cf0105.png was preloaded using link preload but not used within a few seconds from the window's load event. Please make sure it has an appropriate `as` value and it is preloaded intentionally. @ https://www.purepetfood.com/signup/age:0
[   82030ms] [WARNING] The resource https://www.purepetfood.com/_next/static/media/icon-funnel-treats-couple.46048669.png was preloaded using link preload but not used within a few seconds from the window's load event. Please make sure it has an appropriate `as` value and it is preloaded intentionally. @ https://www.purepetfood.com/signup/age:0
[   82030ms] [WARNING] The resource https://www.purepetfood.com/_next/static/media/icon-funnel-health.bd8a1de9.png was preloaded using link preload but not used within a few seconds from the window's load event. Please make sure it has an appropriate `as` value and it is preloaded intentionally. @ https://www.purepetfood.com/signup/age:0
[   82030ms] [WARNING] The resource https://www.purepetfood.com/_next/static/media/loading-bowl.7caff3fe.gif was preloaded using link preload but not used within a few seconds from the window's load event. Please make sure it has an appropriate `as` value and it is preloaded intentionally. @ https://www.purepetfood.com/signup/age:0
[   82030ms] [WARNING] The resource https://www.purepetfood.com/_next/static/media/icon-funnel-right.4145d05b.png was preloaded using link preload but not used within a few seconds from the window's load event. Please make sure it has an appropriate `as` value and it is preloaded intentionally. @ https://www.purepetfood.com/signup/age:0
[   82030ms] [WARNING] The resource https://www.purepetfood.com/_next/static/media/icon-funnel-sprinting.bd346016.png was preloaded using link preload but not used within a few seconds from the window's load event. Please make sure it has an appropriate `as` value and it is preloaded intentionally. @ https://www.purepetfood.com/signup/age:0
[   82030ms] [WARNING] The resource https://www.purepetfood.com/_next/static/media/icon-funnel-treats-none.3c1f3821.png was preloaded using link preload but not used within a few seconds from the window's load event. Please make sure it has an appropriate `as` value and it is preloaded intentionally. @ https://www.purepetfood.com/signup/age:0
[   82030ms] [WARNING] The resource https://www.purepetfood.com/_next/static/media/icon-funnel-not-neutered.18dcc04e.png was preloaded using link preload but not used within a few seconds from the window's load event. Please make sure it has an appropriate `as` value and it is preloaded intentionally. @ https://www.purepetfood.com/signup/age:0
[   82030ms] [WARNING] The resource https://www.purepetfood.com/_next/static/media/icon-funnel-sitting.39fd7d2f.png was preloaded using link preload but not used within a few seconds from the window's load event. Please make sure it has an appropriate `as` value and it is preloaded intentionally. @ https://www.purepetfood.com/signup/age:0
[   82030ms] [WARNING] The resource https://www.purepetfood.com/_next/static/media/icon-funnel-neutered.5ec3d5ef.png was preloaded using link preload but not used within a few seconds from the window's load event. Please make sure it has an appropriate `as` value and it is preloaded intentionally. @ https://www.purepetfood.com/signup/age:0
[   82030ms] [WARNING] The resource https://www.purepetfood.com/_next/static/media/icon-funnel-running.2090f5a5.png was preloaded using link preload but not used within a few seconds from the window's load event. Please make sure it has an appropriate `as` value and it is preloaded intentionally. @ https://www.purepetfood.com/signup/age:0
[  304168ms] [WARNING] The resource https://www.purepetfood.com/_next/static/media/icon-funnel-chubby.70c06268.png was preloaded using link preload but not used within a few seconds from the window's load event. Please make sure it has an appropriate `as` value and it is preloaded intentionally. @ https://www.purepetfood.com/signup/age:0
[  304168ms] [WARNING] The resource https://www.purepetfood.com/_next/static/media/icon-funnel-overweight.674a6d24.png was preloaded using link preload but not used within a few seconds from the window's load event. Please make sure it has an appropriate `as` value and it is preloaded intentionally. @ https://www.purepetfood.com/signup/age:0
[  304168ms] [WARNING] The resource https://www.purepetfood.com/_next/static/media/icon-funnel-treats-lots.b4a2c2d8.png was preloaded using link preload but not used within a few seconds from the window's load event. Please make sure it has an appropriate `as` value and it is preloaded intentionally. @ https://www.purepetfood.com/signup/age:0
[  304168ms] [WARNING] The resource https://www.purepetfood.com/_next/static/media/icon-funnel-skinny.dfdbe3bb.png was preloaded using link preload but not used within a few seconds from the window's load event. Please make sure it has an appropriate `as` value and it is preloaded intentionally. @ https://www.purepetfood.com/signup/age:0
[  304168ms] [WARNING] The resource https://www.purepetfood.com/_next/static/media/icon-funnel-walking.f37f3eac.png was preloaded using link preload but not used within a few seconds from the window's load event. Please make sure it has an appropriate `as` value and it is preloaded intentionally. @ https://www.purepetfood.com/signup/age:0
[  304168ms] [WARNING] The resource https://www.purepetfood.com/_next/static/media/icon-funnel-treats-few.f6cf0105.png was preloaded using link preload but not used within a few seconds from the window's load event. Please make sure it has an appropriate `as` value and it is preloaded intentionally. @ https://www.purepetfood.com/signup/age:0
[  304168ms] [WARNING] The resource https://www.purepetfood.com/_next/static/media/icon-funnel-treats-couple.46048669.png was preloaded using link preload but not used within a few seconds from the window's load event. Please make sure it has an appropriate `as` value and it is preloaded intentionally. @ https://www.purepetfood.com/signup/age:0
[  304168ms] [WARNING] The resource https://www.purepetfood.com/_next/static/media/icon-funnel-health.bd8a1de9.png was preloaded using link preload but not used within a few seconds from the window's load event. Please make sure it has an appropriate `as` value and it is preloaded intentionally. @ https://www.purepetfood.com/signup/age:0
[  304168ms] [WARNING] The resource https://www.purepetfood.com/_next/static/media/loading-bowl.7caff3fe.gif was preloaded using link preload but not used within a few seconds from the window's load event. Please make sure it has an appropriate `as` value and it is preloaded intentionally. @ https://www.purepetfood.com/signup/age:0
[  304168ms] [WARNING] The resource https://www.purepetfood.com/_next/static/media/icon-funnel-right.4145d05b.png was preloaded using link preload but not used within a few seconds from the window's load event. Please make sure it has an appropriate `as` value and it is preloaded intentionally. @ https://www.purepetfood.com/signup/age:0
[  304168ms] [WARNING] The resource https://www.purepetfood.com/_next/static/media/icon-funnel-sprinting.bd346016.png was preloaded using link preload but not used within a few seconds from the window's load event. Please make sure it has an appropriate `as` value and it is preloaded intentionally. @ https://www.purepetfood.com/signup/age:0
[  304168ms] [WARNING] The resource https://www.purepetfood.com/_next/static/media/icon-funnel-treats-none.3c1f3821.png was preloaded using link preload but not used within a few seconds from the window's load event. Please make sure it has an appropriate `as` value and it is preloaded intentionally. @ https://www.purepetfood.com/signup/age:0
[  304168ms] [WARNING] The resource https://www.purepetfood.com/_next/static/media/icon-funnel-not-neutered.18dcc04e.png was preloaded using link preload but not used within a few seconds from the window's load event. Please make sure it has an appropriate `as` value and it is preloaded intentionally. @ https://www.purepetfood.com/signup/age:0
[  304168ms] [WARNING] The resource https://www.purepetfood.com/_next/static/media/icon-funnel-sitting.39fd7d2f.png was preloaded using link preload but not used within a few seconds from the window's load event. Please make sure it has an appropriate `as` value and it is preloaded intentionally. @ https://www.purepetfood.com/signup/age:0
[  304168ms] [WARNING] The resource https://www.purepetfood.com/_next/static/media/icon-funnel-neutered.5ec3d5ef.png was preloaded using link preload but not used within a few seconds from the window's load event. Please make sure it has an appropriate `as` value and it is preloaded intentionally. @ https://www.purepetfood.com/signup/age:0
[  304168ms] [WARNING] The resource https://www.purepetfood.com/_next/static/media/icon-funnel-running.2090f5a5.png was preloaded using link preload but not used within a few seconds from the window's load event. Please make sure it has an appropriate `as` value and it is preloaded intentionally. @ https://www.purepetfood.com/signup/age:0
[  604166ms] [WARNING] The resource https://www.purepetfood.com/_next/static/media/icon-funnel-chubby.70c06268.png was preloaded using link preload but not used within a few seconds from the window's load event. Please make sure it has an appropriate `as` value and it is preloaded intentionally. @ https://www.purepetfood.com/signup/age:0
[  604166ms] [WARNING] The resource https://www.purepetfood.com/_next/static/media/icon-funnel-overweight.674a6d24.png was preloaded using link preload but not used within a few seconds from the window's load event. Please make sure it has an appropriate `as` value and it is preloaded intentionally. @ https://www.purepetfood.com/signup/age:0
[  604166ms] [WARNING] The resource https://www.purepetfood.com/_next/static/media/icon-funnel-treats-lots.b4a2c2d8.png was preloaded using link preload but not used within a few seconds from the window's load event. Please make sure it has an appropriate `as` value and it is preloaded intentionally. @ https://www.purepetfood.com/signup/age:0
[  604166ms] [WARNING] The resource https://www.purepetfood.com/_next/static/media/icon-funnel-skinny.dfdbe3bb.png was preloaded using link preload but not used within a few seconds from the window's load event. Please make sure it has an appropriate `as` value and it is preloaded intentionally. @ https://www.purepetfood.com/signup/age:0
[  604166ms] [WARNING] The resource https://www.purepetfood.com/_next/static/media/icon-funnel-walking.f37f3eac.png was preloaded using link preload but not used within a few seconds from the window's load event. Please make sure it has an appropriate `as` value and it is preloaded intentionally. @ https://www.purepetfood.com/signup/age:0
[  604166ms] [WARNING] The resource https://www.purepetfood.com/_next/static/media/icon-funnel-treats-few.f6cf0105.png was preloaded using link preload but not used within a few seconds from the window's load event. Please make sure it has an appropriate `as` value and it is preloaded intentionally. @ https://www.purepetfood.com/signup/age:0
[  604166ms] [WARNING] The resource https://www.purepetfood.com/_next/static/media/icon-funnel-treats-couple.46048669.png was preloaded using link preload but not used within a few seconds from the window's load event. Please make sure it has an appropriate `as` value and it is preloaded intentionally. @ https://www.purepetfood.com/signup/age:0
[  604166ms] [WARNING] The resource https://www.purepetfood.com/_next/static/media/icon-funnel-health.bd8a1de9.png was preloaded using link preload but not used within a few seconds from the window's load event. Please make sure it has an appropriate `as` value and it is preloaded intentionally. @ https://www.purepetfood.com/signup/age:0
[  604166ms] [WARNING] The resource https://www.purepetfood.com/_next/static/media/loading-bowl.7caff3fe.gif was preloaded using link preload but not used within a few seconds from the window's load event. Please make sure it has an appropriate `as` value and it is preloaded intentionally. @ https://www.purepetfood.com/signup/age:0
[  604166ms] [WARNING] The resource https://www.purepetfood.com/_next/static/media/icon-funnel-right.4145d05b.png was preloaded using link preload but not used within a few seconds from the window's load event. Please make sure it has an appropriate `as` value and it is preloaded intentionally. @ https://www.purepetfood.com/signup/age:0
[  604166ms] [WARNING] The resource https://www.purepetfood.com/_next/static/media/icon-funnel-sprinting.bd346016.png was preloaded using link preload but not used within a few seconds from the window's load event. Please make sure it has an appropriate `as` value and it is preloaded intentionally. @ https://www.purepetfood.com/signup/age:0
[  604166ms] [WARNING] The resource https://www.purepetfood.com/_next/static/media/icon-funnel-treats-none.3c1f3821.png was preloaded using link preload but not used within a few seconds from the window's load event. Please make sure it has an appropriate `as` value and it is preloaded intentionally. @ https://www.purepetfood.com/signup/age:0
[  604166ms] [WARNING] The resource https://www.purepetfood.com/_next/static/media/icon-funnel-not-neutered.18dcc04e.png was preloaded using link preload but not used within a few seconds from the window's load event. Please make sure it has an appropriate `as` value and it is preloaded intentionally. @ https://www.purepetfood.com/signup/age:0
[  604166ms] [WARNING] The resource https://www.purepetfood.com/_next/static/media/icon-funnel-sitting.39fd7d2f.png was preloaded using link preload but not used within a few seconds from the window's load event. Please make sure it has an appropriate `as` value and it is preloaded intentionally. @ https://www.purepetfood.com/signup/age:0
[  604166ms] [WARNING] The resource https://www.purepetfood.com/_next/static/media/icon-funnel-neutered.5ec3d5ef.png was preloaded using link preload but not used within a few seconds from the window's load event. Please make sure it has an appropriate `as` value and it is preloaded intentionally. @ https://www.purepetfood.com/signup/age:0
[  604166ms] [WARNING] The resource https://www.purepetfood.com/_next/static/media/icon-funnel-running.2090f5a5.png was preloaded using link preload but not used within a few seconds from the window's load event. Please make sure it has an appropriate `as` value and it is preloaded intentionally. @ https://www.purepetfood.com/signup/age:0
[  904172ms] [WARNING] The resource https://www.purepetfood.com/_next/static/media/icon-funnel-chubby.70c06268.png was preloaded using link preload but not used within a few seconds from the window's load event. Please make sure it has an appropriate `as` value and it is preloaded intentionally. @ https://www.purepetfood.com/signup/age:0
[  904172ms] [WARNING] The resource https://www.purepetfood.com/_next/static/media/icon-funnel-overweight.674a6d24.png was preloaded using link preload but not used within a few seconds from the window's load event. Please make sure it has an appropriate `as` value and it is preloaded intentionally. @ https://www.purepetfood.com/signup/age:0
[  904172ms] [WARNING] The resource https://www.purepetfood.com/_next/static/media/icon-funnel-treats-lots.b4a2c2d8.png was preloaded using link preload but not used within a few seconds from the window's load event. Please make sure it has an appropriate `as` value and it is preloaded intentionally. @ https://www.purepetfood.com/signup/age:0
[  904172ms] [WARNING] The resource https://www.purepetfood.com/_next/static/media/icon-funnel-skinny.dfdbe3bb.png was preloaded using link preload but not used within a few seconds from the window's load event. Please make sure it has an appropriate `as` value and it is preloaded intentionally. @ https://www.purepetfood.com/signup/age:0
[  904172ms] [WARNING] The resource https://www.purepetfood.com/_next/static/media/icon-funnel-walking.f37f3eac.png was preloaded using link preload but not used within a few seconds from the window's load event. Please make sure it has an appropriate `as` value and it is preloaded intentionally. @ https://www.purepetfood.com/signup/age:0
[  904172ms] [WARNING] The resource https://www.purepetfood.com/_next/static/media/icon-funnel-treats-few.f6cf0105.png was preloaded using link preload but not used within a few seconds from the window's load event. Please make sure it has an appropriate `as` value and it is preloaded intentionally. @ https://www.purepetfood.com/signup/age:0
[  904172ms] [WARNING] The resource https://www.purepetfood.com/_next/static/media/icon-funnel-treats-couple.46048669.png was preloaded using link preload but not used within a few seconds from the window's load event. Please make sure it has an appropriate `as` value and it is preloaded intentionally. @ https://www.purepetfood.com/signup/age:0
[  904172ms] [WARNING] The resource https://www.purepetfood.com/_next/static/media/icon-funnel-health.bd8a1de9.png was preloaded using link preload but not used within a few seconds from the window's load event. Please make sure it has an appropriate `as` value and it is preloaded intentionally. @ https://www.purepetfood.com/signup/age:0
[  904172ms] [WARNING] The resource https://www.purepetfood.com/_next/static/media/loading-bowl.7caff3fe.gif was preloaded using link preload but not used within a few seconds from the window's load event. Please make sure it has an appropriate `as` value and it is preloaded intentionally. @ https://www.purepetfood.com/signup/age:0
[  904172ms] [WARNING] The resource https://www.purepetfood.com/_next/static/media/icon-funnel-right.4145d05b.png was preloaded using link preload but not used within a few seconds from the window's load event. Please make sure it has an appropriate `as` value and it is preloaded intentionally. @ https://www.purepetfood.com/signup/age:0
[  904172ms] [WARNING] The resource https://www.purepetfood.com/_next/static/media/icon-funnel-sprinting.bd346016.png was preloaded using link preload but not used within a few seconds from the window's load event. Please make sure it has an appropriate `as` value and it is preloaded intentionally. @ https://www.purepetfood.com/signup/age:0
[  904172ms] [WARNING] The resource https://www.purepetfood.com/_next/static/media/icon-funnel-treats-none.3c1f3821.png was preloaded using link preload but not used within a few seconds from the window's load event. Please make sure it has an appropriate `as` value and it is preloaded intentionally. @ https://www.purepetfood.com/signup/age:0
[  904172ms] [WARNING] The resource https://www.purepetfood.com/_next/static/media/icon-funnel-not-neutered.18dcc04e.png was preloaded using link preload but not used within a few seconds from the window's load event. Please make sure it has an appropriate `as` value and it is preloaded intentionally. @ https://www.purepetfood.com/signup/age:0
[  904172ms] [WARNING] The resource https://www.purepetfood.com/_next/static/media/icon-funnel-sitting.39fd7d2f.png was preloaded using link preload but not used within a few seconds from the window's load event. Please make sure it has an appropriate `as` value and it is preloaded intentionally. @ https://www.purepetfood.com/signup/age:0
[  904172ms] [WARNING] The resource https://www.purepetfood.com/_next/static/media/icon-funnel-neutered.5ec3d5ef.png was preloaded using link preload but not used within a few seconds from the window's load event. Please make sure it has an appropriate `as` value and it is preloaded intentionally. @ https://www.purepetfood.com/signup/age:0
[  904172ms] [WARNING] The resource https://www.purepetfood.com/_next/static/media/icon-funnel-running.2090f5a5.png was preloaded using link preload but not used within a few seconds from the window's load event. Please make sure it has an appropriate `as` value and it is preloaded intentionally. @ https://www.purepetfood.com/signup/age:0
[ 1204178ms] [WARNING] The resource https://www.purepetfood.com/_next/static/media/icon-funnel-chubby.70c06268.png was preloaded using link preload but not used within a few seconds from the window's load event. Please make sure it has an appropriate `as` value and it is preloaded intentionally. @ https://www.purepetfood.com/signup/age:0
[ 1204178ms] [WARNING] The resource https://www.purepetfood.com/_next/static/media/icon-funnel-overweight.674a6d24.png was preloaded using link preload but not used within a few seconds from the window's load event. Please make sure it has an appropriate `as` value and it is preloaded intentionally. @ https://www.purepetfood.com/signup/age:0
[ 1204178ms] [WARNING] The resource https://www.purepetfood.com/_next/static/media/icon-funnel-treats-lots.b4a2c2d8.png was preloaded using link preload but not used within a few seconds from the window's load event. Please make sure it has an appropriate `as` value and it is preloaded intentionally. @ https://www.purepetfood.com/signup/age:0
[ 1204178ms] [WARNING] The resource https://www.purepetfood.com/_next/static/media/icon-funnel-skinny.dfdbe3bb.png was preloaded using link preload but not used within a few seconds from the window's load event. Please make sure it has an appropriate `as` value and it is preloaded intentionally. @ https://www.purepetfood.com/signup/age:0
[ 1204178ms] [WARNING] The resource https://www.purepetfood.com/_next/static/media/icon-funnel-walking.f37f3eac.png was preloaded using link preload but not used within a few seconds from the window's load event. Please make sure it has an appropriate `as` value and it is preloaded intentionally. @ https://www.purepetfood.com/signup/age:0
[ 1204178ms] [WARNING] The resource https://www.purepetfood.com/_next/static/media/icon-funnel-treats-few.f6cf0105.png was preloaded using link preload but not used within a few seconds from the window's load event. Please make sure it has an appropriate `as` value and it is preloaded intentionally. @ https://www.purepetfood.com/signup/age:0
[ 1204178ms] [WARNING] The resource https://www.purepetfood.com/_next/static/media/icon-funnel-treats-couple.46048669.png was preloaded using link preload but not used within a few seconds from the window's load event. Please make sure it has an appropriate `as` value and it is preloaded intentionally. @ https://www.purepetfood.com/signup/age:0
[ 1204178ms] [WARNING] The resource https://www.purepetfood.com/_next/static/media/icon-funnel-health.bd8a1de9.png was preloaded using link preload but not used within a few seconds from the window's load event. Please make sure it has an appropriate `as` value and it is preloaded intentionally. @ https://www.purepetfood.com/signup/age:0
[ 1204178ms] [WARNING] The resource https://www.purepetfood.com/_next/static/media/loading-bowl.7caff3fe.gif was preloaded using link preload but not used within a few seconds from the window's load event. Please make sure it has an appropriate `as` value and it is preloaded intentionally. @ https://www.purepetfood.com/signup/age:0
[ 1204178ms] [WARNING] The resource https://www.purepetfood.com/_next/static/media/icon-funnel-right.4145d05b.png was preloaded using link preload but not used within a few seconds from the window's load event. Please make sure it has an appropriate `as` value and it is preloaded intentionally. @ https://www.purepetfood.com/signup/age:0
[ 1204178ms] [WARNING] The resource https://www.purepetfood.com/_next/static/media/icon-funnel-sprinting.bd346016.png was preloaded using link preload but not used within a few seconds from the window's load event. Please make sure it has an appropriate `as` value and it is preloaded intentionally. @ https://www.purepetfood.com/signup/age:0
[ 1204178ms] [WARNING] The resource https://www.purepetfood.com/_next/static/media/icon-funnel-treats-none.3c1f3821.png was preloaded using link preload but not used within a few seconds from the window's load event. Please make sure it has an appropriate `as` value and it is preloaded intentionally. @ https://www.purepetfood.com/signup/age:0
[ 1204178ms] [WARNING] The resource https://www.purepetfood.com/_next/static/media/icon-funnel-not-neutered.18dcc04e.png was preloaded using link preload but not used within a few seconds from the window's load event. Please make sure it has an appropriate `as` value and it is preloaded intentionally. @ https://www.purepetfood.com/signup/age:0
[ 1204178ms] [WARNING] The resource https://www.purepetfood.com/_next/static/media/icon-funnel-sitting.39fd7d2f.png was preloaded using link preload but not used within a few seconds from the window's load event. Please make sure it has an appropriate `as` value and it is preloaded intentionally. @ https://www.purepetfood.com/signup/age:0
[ 1204178ms] [WARNING] The resource https://www.purepetfood.com/_next/static/media/icon-funnel-neutered.5ec3d5ef.png was preloaded using link preload but not used within a few seconds from the window's load event. Please make sure it has an appropriate `as` value and it is preloaded intentionally. @ https://www.purepetfood.com/signup/age:0
[ 1204178ms] [WARNING] The resource https://www.purepetfood.com/_next/static/media/icon-funnel-running.2090f5a5.png was preloaded using link preload but not used within a few seconds from the window's load event. Please make sure it has an appropriate `as` value and it is preloaded intentionally. @ https://www.purepetfood.com/signup/age:0
[ 1379591ms] [WARNING] The resource https://www.purepetfood.com/_next/static/media/icon-funnel-chubby.70c06268.png was preloaded using link preload but not used within a few seconds from the window's load event. Please make sure it has an appropriate `as` value and it is preloaded intentionally. @ https://www.purepetfood.com/signup/age:0
[ 1379591ms] [WARNING] The resource https://www.purepetfood.com/_next/static/media/icon-funnel-overweight.674a6d24.png was preloaded using link preload but not used within a few seconds from the window's load event. Please make sure it has an appropriate `as` value and it is preloaded intentionally. @ https://www.purepetfood.com/signup/age:0
[ 1379591ms] [WARNING] The resource https://www.purepetfood.com/_next/static/media/icon-funnel-treats-lots.b4a2c2d8.png was preloaded using link preload but not used within a few seconds from the window's load event. Please make sure it has an appropriate `as` value and it is preloaded intentionally. @ https://www.purepetfood.com/signup/age:0
[ 1379591ms] [WARNING] The resource https://www.purepetfood.com/_next/static/media/icon-funnel-skinny.dfdbe3bb.png was preloaded using link preload but not used within a few seconds from the window's load event. Please make sure it has an appropriate `as` value and it is preloaded intentionally. @ https://www.purepetfood.com/signup/age:0
[ 1379591ms] [WARNING] The resource https://www.purepetfood.com/_next/static/media/icon-funnel-walking.f37f3eac.png was preloaded using link preload but not used within a few seconds from the window's load event. Please make sure it has an appropriate `as` value and it is preloaded intentionally. @ https://www.purepetfood.com/signup/age:0
[ 1379591ms] [WARNING] The resource https://www.purepetfood.com/_next/static/media/icon-funnel-treats-few.f6cf0105.png was preloaded using link preload but not used within a few seconds from the window's load event. Please make sure it has an appropriate `as` value and it is preloaded intentionally. @ https://www.purepetfood.com/signup/age:0
[ 1379591ms] [WARNING] The resource https://www.purepetfood.com/_next/static/media/icon-funnel-treats-couple.46048669.png was preloaded using link preload but not used within a few seconds from the window's load event. Please make sure it has an appropriate `as` value and it is preloaded intentionally. @ https://www.purepetfood.com/signup/age:0
[ 1379591ms] [WARNING] The resource https://www.purepetfood.com/_next/static/media/icon-funnel-health.bd8a1de9.png was preloaded using link preload but not used within a few seconds from the window's load event. Please make sure it has an appropriate `as` value and it is preloaded intentionally. @ https://www.purepetfood.com/signup/age:0
[ 1379591ms] [WARNING] The resource https://www.purepetfood.com/_next/static/media/loading-bowl.7caff3fe.gif was preloaded using link preload but not used within a few seconds from the window's load event. Please make sure it has an appropriate `as` value and it is preloaded intentionally. @ https://www.purepetfood.com/signup/age:0
[ 1379591ms] [WARNING] The resource https://www.purepetfood.com/_next/static/media/icon-funnel-right.4145d05b.png was preloaded using link preload but not used within a few seconds from the window's load event. Please make sure it has an appropriate `as` value and it is preloaded intentionally. @ https://www.purepetfood.com/signup/age:0
[ 1379591ms] [WARNING] The resource https://www.purepetfood.com/_next/static/media/icon-funnel-sprinting.bd346016.png was preloaded using link preload but not used within a few seconds from the window's load event. Please make sure it has an appropriate `as` value and it is preloaded intentionally. @ https://www.purepetfood.com/signup/age:0
[ 1379592ms] [WARNING] The resource https://www.purepetfood.com/_next/static/media/icon-funnel-treats-none.3c1f3821.png was preloaded using link preload but not used within a few seconds from the window's load event. Please make sure it has an appropriate `as` value and it is preloaded intentionally. @ https://www.purepetfood.com/signup/age:0
[ 1379592ms] [WARNING] The resource https://www.purepetfood.com/_next/static/media/icon-funnel-not-neutered.18dcc04e.png was preloaded using link preload but not used within a few seconds from the window's load event. Please make sure it has an appropriate `as` value and it is preloaded intentionally. @ https://www.purepetfood.com/signup/age:0
[ 1379592ms] [WARNING] The resource https://www.purepetfood.com/_next/static/media/icon-funnel-sitting.39fd7d2f.png was preloaded using link preload but not used within a few seconds from the window's load event. Please make sure it has an appropriate `as` value and it is preloaded intentionally. @ https://www.purepetfood.com/signup/age:0
[ 1379592ms] [WARNING] The resource https://www.purepetfood.com/_next/static/media/icon-funnel-neutered.5ec3d5ef.png was preloaded using link preload but not used within a few seconds from the window's load event. Please make sure it has an appropriate `as` value and it is preloaded intentionally. @ https://www.purepetfood.com/signup/age:0
[ 1379592ms] [WARNING] The resource https://www.purepetfood.com/_next/static/media/icon-funnel-running.2090f5a5.png was preloaded using link preload but not used within a few seconds from the window's load event. Please make sure it has an appropriate `as` value and it is preloaded intentionally. @ https://www.purepetfood.com/signup/age:0
[ 1504216ms] [WARNING] The resource https://www.purepetfood.com/_next/static/media/icon-funnel-chubby.70c06268.png was preloaded using link preload but not used within a few seconds from the window's load event. Please make sure it has an appropriate `as` value and it is preloaded intentionally. @ https://www.purepetfood.com/signup/age:0
[ 1504216ms] [WARNING] The resource https://www.purepetfood.com/_next/static/media/icon-funnel-overweight.674a6d24.png was preloaded using link preload but not used within a few seconds from the window's load event. Please make sure it has an appropriate `as` value and it is preloaded intentionally. @ https://www.purepetfood.com/signup/age:0
[ 1504216ms] [WARNING] The resource https://www.purepetfood.com/_next/static/media/icon-funnel-treats-lots.b4a2c2d8.png was preloaded using link preload but not used within a few seconds from the window's load event. Please make sure it has an appropriate `as` value and it is preloaded intentionally. @ https://www.purepetfood.com/signup/age:0
[ 1504216ms] [WARNING] The resource https://www.purepetfood.com/_next/static/media/icon-funnel-skinny.dfdbe3bb.png was preloaded using link preload but not used within a few seconds from the window's load event. Please make sure it has an appropriate `as` value and it is preloaded intentionally. @ https://www.purepetfood.com/signup/age:0
[ 1504216ms] [WARNING] The resource https://www.purepetfood.com/_next/static/media/icon-funnel-walking.f37f3eac.png was preloaded using link preload but not used within a few seconds from the window's load event. Please make sure it has an appropriate `as` value and it is preloaded intentionally. @ https://www.purepetfood.com/signup/age:0
[ 1504216ms] [WARNING] The resource https://www.purepetfood.com/_next/static/media/icon-funnel-treats-few.f6cf0105.png was preloaded using link preload but not used within a few seconds from the window's load event. Please make sure it has an appropriate `as` value and it is preloaded intentionally. @ https://www.purepetfood.com/signup/age:0
[ 1504216ms] [WARNING] The resource https://www.purepetfood.com/_next/static/media/icon-funnel-treats-couple.46048669.png was preloaded using link preload but not used within a few seconds from the window's load event. Please make sure it has an appropriate `as` value and it is preloaded intentionally. @ https://www.purepetfood.com/signup/age:0
[ 1504216ms] [WARNING] The resource https://www.purepetfood.com/_next/static/media/icon-funnel-health.bd8a1de9.png was preloaded using link preload but not used within a few seconds from the window's load event. Please make sure it has an appropriate `as` value and it is preloaded intentionally. @ https://www.purepetfood.com/signup/age:0
[ 1504217ms] [WARNING] The resource https://www.purepetfood.com/_next/static/media/loading-bowl.7caff3fe.gif was preloaded using link preload but not used within a few seconds from the window's load event. Please make sure it has an appropriate `as` value and it is preloaded intentionally. @ https://www.purepetfood.com/signup/age:0
[ 1504217ms] [WARNING] The resource https://www.purepetfood.com/_next/static/media/icon-funnel-right.4145d05b.png was preloaded using link preload but not used within a few seconds from the window's load event. Please make sure it has an appropriate `as` value and it is preloaded intentionally. @ https://www.purepetfood.com/signup/age:0
[ 1504217ms] [WARNING] The resource https://www.purepetfood.com/_next/static/media/icon-funnel-sprinting.bd346016.png was preloaded using link preload but not used within a few seconds from the window's load event. Please make sure it has an appropriate `as` value and it is preloaded intentionally. @ https://www.purepetfood.com/signup/age:0
[ 1504217ms] [WARNING] The resource https://www.purepetfood.com/_next/static/media/icon-funnel-treats-none.3c1f3821.png was preloaded using link preload but not used within a few seconds from the window's load event. Please make sure it has an appropriate `as` value and it is preloaded intentionally. @ https://www.purepetfood.com/signup/age:0
[ 1504217ms] [WARNING] The resource https://www.purepetfood.com/_next/static/media/icon-funnel-not-neutered.18dcc04e.png was preloaded using link preload but not used within a few seconds from the window's load event. Please make sure it has an appropriate `as` value and it is preloaded intentionally. @ https://www.purepetfood.com/signup/age:0
[ 1504217ms] [WARNING] The resource https://www.purepetfood.com/_next/static/media/icon-funnel-sitting.39fd7d2f.png was preloaded using link preload but not used within a few seconds from the window's load event. Please make sure it has an appropriate `as` value and it is preloaded intentionally. @ https://www.purepetfood.com/signup/age:0
[ 1504217ms] [WARNING] The resource https://www.purepetfood.com/_next/static/media/icon-funnel-neutered.5ec3d5ef.png was preloaded using link preload but not used within a few seconds from the window's load event. Please make sure it has an appropriate `as` value and it is preloaded intentionally. @ https://www.purepetfood.com/signup/age:0
[ 1504217ms] [WARNING] The resource https://www.purepetfood.com/_next/static/media/icon-funnel-running.2090f5a5.png was preloaded using link preload but not used within a few seconds from the window's load event. Please make sure it has an appropriate `as` value and it is preloaded intentionally. @ https://www.purepetfood.com/signup/age:0
[ 1590991ms] [WARNING] Amplitude Logger [Warn]: Plugin with name google-tag-manager already exists, skipping registration @ https://www.purepetfood.com/_next/static/chunks/pages/_app-b69061ea9952a858.js:5
[ 1590992ms] [WARNING] Amplitude Logger [Warn]: Plugin with name @amplitude/plugin-session-replay-browser already exists, skipping registration @ https://www.purepetfood.com/_next/static/chunks/pages/_app-b69061ea9952a858.js:5
[ 1590992ms] [WARNING] Amplitude Logger [Warn]: Plugin name is undefined. 
      Generating a random UUID for plugin name: 342e14c1-7026-472b-9f40-920c25d5303d. 
      Set a name for the plugin to prevent it from being added multiple times. @ https://www.purepetfood.com/_next/static/chunks/pages/_app-b69061ea9952a858.js:5
[ 1591461ms] [ERROR] Attestation check for Attribution Reporting on https://www.google-analytics.com failed. @ https://www.purepetfood.com/signup/gender:0
[ 1591618ms] [WARNING] Amplitude Logger [Warn]: Plugin with name google-tag-manager already exists, skipping registration @ https://www.purepetfood.com/_next/static/chunks/pages/_app-b69061ea9952a858.js:5
[ 1591619ms] [WARNING] Amplitude Logger [Warn]: Plugin with name @amplitude/plugin-session-replay-browser already exists, skipping registration @ https://www.purepetfood.com/_next/static/chunks/pages/_app-b69061ea9952a858.js:5
[ 1591619ms] [WARNING] Amplitude Logger [Warn]: Plugin name is undefined. 
      Generating a random UUID for plugin name: 2f3bab87-3a89-44d8-b2d3-df402c0fab34. 
      Set a name for the plugin to prevent it from being added multiple times. @ https://www.purepetfood.com/_next/static/chunks/pages/_app-b69061ea9952a858.js:5
[ 1591903ms] [ERROR] Attestation check for Attribution Reporting on https://www.google-analytics.com failed. @ https://www.purepetfood.com/signup:0
[ 1593899ms] [WARNING] Amplitude Logger [Warn]: Plugin name is undefined. 
      Generating a random UUID for plugin name: ef178e84-f293-441d-a2f6-b92e691b79ef. 
      Set a name for the plugin to prevent it from being added multiple times. @ https://www.purepetfood.com/_next/static/chunks/pages/_app-b69061ea9952a858.js:5
[ 1593899ms] [WARNING] Amplitude Logger [Warn]: Plugin with name google-tag-manager already exists, skipping registration @ https://www.purepetfood.com/_next/static/chunks/pages/_app-b69061ea9952a858.js:5
[ 1593900ms] [WARNING] Amplitude Logger [Warn]: Plugin with name @amplitude/plugin-session-replay-browser already exists, skipping registration @ https://www.purepetfood.com/_next/static/chunks/pages/_app-b69061ea9952a858.js:5
[ 1593900ms] [WARNING] Amplitude Logger [Warn]: Plugin name is undefined. 
      Generating a random UUID for plugin name: e2af0553-a20a-4cba-8822-126b786bdf3e. 
      Set a name for the plugin to prevent it from being added multiple times. @ https://www.purepetfood.com/_next/static/chunks/pages/_app-b69061ea9952a858.js:5
[ 1594571ms] [ERROR] Attestation check for Attribution Reporting on https://www.google-analytics.com failed. @ https://www.purepetfood.com/signup:0
[ 1595642ms] [WARNING] Amplitude Logger [Warn]: Plugin with name google-tag-manager already exists, skipping registration @ https://www.purepetfood.com/_next/static/chunks/pages/_app-b69061ea9952a858.js:5
[ 1595643ms] [WARNING] Amplitude Logger [Warn]: Plugin with name @amplitude/plugin-session-replay-browser already exists, skipping registration @ https://www.purepetfood.com/_next/static/chunks/pages/_app-b69061ea9952a858.js:5
[ 1595643ms] [WARNING] Amplitude Logger [Warn]: Plugin name is undefined. 
      Generating a random UUID for plugin name: 553e01f0-74a8-42f9-b1c0-ae307f61e206. 
      Set a name for the plugin to prevent it from being added multiple times. @ https://www.purepetfood.com/_next/static/chunks/pages/_app-b69061ea9952a858.js:5
[ 1596726ms] [WARNING] The resource https://www.purepetfood.com/_next/static/media/icon-funnel-chubby.70c06268.png was preloaded using link preload but not used within a few seconds from the window's load event. Please make sure it has an appropriate `as` value and it is preloaded intentionally. @ https://www.purepetfood.com/:0
[ 1596726ms] [WARNING] The resource https://www.purepetfood.com/_next/static/media/icon-funnel-overweight.674a6d24.png was preloaded using link preload but not used within a few seconds from the window's load event. Please make sure it has an appropriate `as` value and it is preloaded intentionally. @ https://www.purepetfood.com/:0
[ 1596726ms] [WARNING] The resource https://www.purepetfood.com/_next/static/media/icon-funnel-treats-lots.b4a2c2d8.png was preloaded using link preload but not used within a few seconds from the window's load event. Please make sure it has an appropriate `as` value and it is preloaded intentionally. @ https://www.purepetfood.com/:0
[ 1596726ms] [WARNING] The resource https://www.purepetfood.com/_next/static/media/icon-funnel-walking.f37f3eac.png was preloaded using link preload but not used within a few seconds from the window's load event. Please make sure it has an appropriate `as` value and it is preloaded intentionally. @ https://www.purepetfood.com/:0
[ 1596726ms] [WARNING] The resource https://www.purepetfood.com/_next/static/media/icon-funnel-skinny.dfdbe3bb.png was preloaded using link preload but not used within a few seconds from the window's load event. Please make sure it has an appropriate `as` value and it is preloaded intentionally. @ https://www.purepetfood.com/:0
[ 1596726ms] [WARNING] The resource https://www.purepetfood.com/_next/static/media/icon-funnel-treats-few.f6cf0105.png was preloaded using link preload but not used within a few seconds from the window's load event. Please make sure it has an appropriate `as` value and it is preloaded intentionally. @ https://www.purepetfood.com/:0
[ 1596726ms] [WARNING] The resource https://www.purepetfood.com/_next/static/media/icon-funnel-treats-couple.46048669.png was preloaded using link preload but not used within a few seconds from the window's load event. Please make sure it has an appropriate `as` value and it is preloaded intentionally. @ https://www.purepetfood.com/:0
[ 1596726ms] [WARNING] The resource https://www.purepetfood.com/_next/static/media/icon-funnel-health.bd8a1de9.png was preloaded using link preload but not used within a few seconds from the window's load event. Please make sure it has an appropriate `as` value and it is preloaded intentionally. @ https://www.purepetfood.com/:0
[ 1596726ms] [WARNING] The resource https://www.purepetfood.com/_next/static/media/loading-bowl.7caff3fe.gif was preloaded using link preload but not used within a few seconds from the window's load event. Please make sure it has an appropriate `as` value and it is preloaded intentionally. @ https://www.purepetfood.com/:0
[ 1596726ms] [WARNING] The resource https://www.purepetfood.com/_next/static/media/icon-funnel-right.4145d05b.png was preloaded using link preload but not used within a few seconds from the window's load event. Please make sure it has an appropriate `as` value and it is preloaded intentionally. @ https://www.purepetfood.com/:0
[ 1596726ms] [WARNING] The resource https://www.purepetfood.com/_next/static/media/icon-funnel-sprinting.bd346016.png was preloaded using link preload but not used within a few seconds from the window's load event. Please make sure it has an appropriate `as` value and it is preloaded intentionally. @ https://www.purepetfood.com/:0
[ 1596726ms] [WARNING] The resource https://www.purepetfood.com/_next/static/media/icon-funnel-treats-none.3c1f3821.png was preloaded using link preload but not used within a few seconds from the window's load event. Please make sure it has an appropriate `as` value and it is preloaded intentionally. @ https://www.purepetfood.com/:0
[ 1596726ms] [WARNING] The resource https://www.purepetfood.com/_next/static/media/icon-funnel-sitting.39fd7d2f.png was preloaded using link preload but not used within a few seconds from the window's load event. Please make sure it has an appropriate `as` value and it is preloaded intentionally. @ https://www.purepetfood.com/:0
[ 1596726ms] [WARNING] The resource https://www.purepetfood.com/_next/static/media/icon-funnel-running.2090f5a5.png was preloaded using link preload but not used within a few seconds from the window's load event. Please make sure it has an appropriate `as` value and it is preloaded intentionally. @ https://www.purepetfood.com/:0
[ 1596726ms] [WARNING] The resource https://www.purepetfood.com/_next/static/media/icon-funnel-not-neutered.18dcc04e.png was preloaded using link preload but not used within a few seconds from the window's load event. Please make sure it has an appropriate `as` value and it is preloaded intentionally. @ https://www.purepetfood.com/:0
[ 1596726ms] [WARNING] The resource https://www.purepetfood.com/_next/static/media/icon-funnel-neutered.5ec3d5ef.png was preloaded using link preload but not used within a few seconds from the window's load event. Please make sure it has an appropriate `as` value and it is preloaded intentionally. @ https://www.purepetfood.com/:0
[ 1596726ms] [WARNING] The resource https://www.purepetfood.com/_next/static/media/icon-funnel-boy.5e2f1f7a.png was preloaded using link preload but not used within a few seconds from the window's load event. Please make sure it has an appropriate `as` value and it is preloaded intentionally. @ https://www.purepetfood.com/:0
[ 1596726ms] [WARNING] The resource https://www.purepetfood.com/_next/static/media/icon-funnel-girl.e62dd3a2.png was preloaded using link preload but not used within a few seconds from the window's load event. Please make sure it has an appropriate `as` value and it is preloaded intentionally. @ https://www.purepetfood.com/:0
[ 1666354ms] [ERROR] Failed to load resource: net::ERR_CONNECTION_TIMED_OUT @ https://analytics.tiktok.com/i18n/pixel/events.js?sdkid=C5ONCI5ODNNK397VL59G&lib=ttq:0
[ 1669355ms] [WARNING] The resource https://www.purepetfood.com/_next/static/media/icon-funnel-chubby.70c06268.png was preloaded using link preload but not used within a few seconds from the window's load event. Please make sure it has an appropriate `as` value and it is preloaded intentionally. @ https://www.purepetfood.com/:0
[ 1669355ms] [WARNING] The resource https://www.purepetfood.com/_next/static/media/icon-funnel-overweight.674a6d24.png was preloaded using link preload but not used within a few seconds from the window's load event. Please make sure it has an appropriate `as` value and it is preloaded intentionally. @ https://www.purepetfood.com/:0
[ 1669355ms] [WARNING] The resource https://www.purepetfood.com/_next/static/media/icon-funnel-treats-lots.b4a2c2d8.png was preloaded using link preload but not used within a few seconds from the window's load event. Please make sure it has an appropriate `as` value and it is preloaded intentionally. @ https://www.purepetfood.com/:0
[ 1669355ms] [WARNING] The resource https://www.purepetfood.com/_next/static/media/icon-funnel-walking.f37f3eac.png was preloaded using link preload but not used within a few seconds from the window's load event. Please make sure it has an appropriate `as` value and it is preloaded intentionally. @ https://www.purepetfood.com/:0
[ 1669355ms] [WARNING] The resource https://www.purepetfood.com/_next/static/media/icon-funnel-skinny.dfdbe3bb.png was preloaded using link preload but not used within a few seconds from the window's load event. Please make sure it has an appropriate `as` value and it is preloaded intentionally. @ https://www.purepetfood.com/:0
[ 1669355ms] [WARNING] The resource https://www.purepetfood.com/_next/static/media/icon-funnel-treats-few.f6cf0105.png was preloaded using link preload but not used within a few seconds from the window's load event. Please make sure it has an appropriate `as` value and it is preloaded intentionally. @ https://www.purepetfood.com/:0
[ 1669355ms] [WARNING] The resource https://www.purepetfood.com/_next/static/media/icon-funnel-treats-couple.46048669.png was preloaded using link preload but not used within a few seconds from the window's load event. Please make sure it has an appropriate `as` value and it is preloaded intentionally. @ https://www.purepetfood.com/:0
[ 1669355ms] [WARNING] The resource https://www.purepetfood.com/_next/static/media/icon-funnel-health.bd8a1de9.png was preloaded using link preload but not used within a few seconds from the window's load event. Please make sure it has an appropriate `as` value and it is preloaded intentionally. @ https://www.purepetfood.com/:0
[ 1669355ms] [WARNING] The resource https://www.purepetfood.com/_next/static/media/loading-bowl.7caff3fe.gif was preloaded using link preload but not used within a few seconds from the window's load event. Please make sure it has an appropriate `as` value and it is preloaded intentionally. @ https://www.purepetfood.com/:0
[ 1669355ms] [WARNING] The resource https://www.purepetfood.com/_next/static/media/icon-funnel-right.4145d05b.png was preloaded using link preload but not used within a few seconds from the window's load event. Please make sure it has an appropriate `as` value and it is preloaded intentionally. @ https://www.purepetfood.com/:0
[ 1669355ms] [WARNING] The resource https://www.purepetfood.com/_next/static/media/icon-funnel-sprinting.bd346016.png was preloaded using link preload but not used within a few seconds from the window's load event. Please make sure it has an appropriate `as` value and it is preloaded intentionally. @ https://www.purepetfood.com/:0
[ 1669355ms] [WARNING] The resource https://www.purepetfood.com/_next/static/media/icon-funnel-treats-none.3c1f3821.png was preloaded using link preload but not used within a few seconds from the window's load event. Please make sure it has an appropriate `as` value and it is preloaded intentionally. @ https://www.purepetfood.com/:0
[ 1669355ms] [WARNING] The resource https://www.purepetfood.com/_next/static/media/icon-funnel-sitting.39fd7d2f.png was preloaded using link preload but not used within a few seconds from the window's load event. Please make sure it has an appropriate `as` value and it is preloaded intentionally. @ https://www.purepetfood.com/:0
[ 1669355ms] [WARNING] The resource https://www.purepetfood.com/_next/static/media/icon-funnel-running.2090f5a5.png was preloaded using link preload but not used within a few seconds from the window's load event. Please make sure it has an appropriate `as` value and it is preloaded intentionally. @ https://www.purepetfood.com/:0
[ 1669355ms] [WARNING] The resource https://www.purepetfood.com/_next/static/media/icon-funnel-not-neutered.18dcc04e.png was preloaded using link preload but not used within a few seconds from the window's load event. Please make sure it has an appropriate `as` value and it is preloaded intentionally. @ https://www.purepetfood.com/:0
[ 1669355ms] [WARNING] The resource https://www.purepetfood.com/_next/static/media/icon-funnel-neutered.5ec3d5ef.png was preloaded using link preload but not used within a few seconds from the window's load event. Please make sure it has an appropriate `as` value and it is preloaded intentionally. @ https://www.purepetfood.com/:0
[ 1669355ms] [WARNING] The resource https://www.purepetfood.com/_next/static/media/icon-funnel-boy.5e2f1f7a.png was preloaded using link preload but not used within a few seconds from the window's load event. Please make sure it has an appropriate `as` value and it is preloaded intentionally. @ https://www.purepetfood.com/:0
[ 1669355ms] [WARNING] The resource https://www.purepetfood.com/_next/static/media/icon-funnel-girl.e62dd3a2.png was preloaded using link preload but not used within a few seconds from the window's load event. Please make sure it has an appropriate `as` value and it is preloaded intentionally. @ https://www.purepetfood.com/:0
[ 1897002ms] [WARNING] The resource https://www.purepetfood.com/_next/static/media/icon-funnel-chubby.70c06268.png was preloaded using link preload but not used within a few seconds from the window's load event. Please make sure it has an appropriate `as` value and it is preloaded intentionally. @ https://www.purepetfood.com/:0
[ 1897002ms] [WARNING] The resource https://www.purepetfood.com/_next/static/media/icon-funnel-overweight.674a6d24.png was preloaded using link preload but not used within a few seconds from the window's load event. Please make sure it has an appropriate `as` value and it is preloaded intentionally. @ https://www.purepetfood.com/:0
[ 1897002ms] [WARNING] The resource https://www.purepetfood.com/_next/static/media/icon-funnel-treats-lots.b4a2c2d8.png was preloaded using link preload but not used within a few seconds from the window's load event. Please make sure it has an appropriate `as` value and it is preloaded intentionally. @ https://www.purepetfood.com/:0
[ 1897002ms] [WARNING] The resource https://www.purepetfood.com/_next/static/media/icon-funnel-walking.f37f3eac.png was preloaded using link preload but not used within a few seconds from the window's load event. Please make sure it has an appropriate `as` value and it is preloaded intentionally. @ https://www.purepetfood.com/:0
[ 1897002ms] [WARNING] The resource https://www.purepetfood.com/_next/static/media/icon-funnel-skinny.dfdbe3bb.png was preloaded using link preload but not used within a few seconds from the window's load event. Please make sure it has an appropriate `as` value and it is preloaded intentionally. @ https://www.purepetfood.com/:0
[ 1897002ms] [WARNING] The resource https://www.purepetfood.com/_next/static/media/icon-funnel-treats-few.f6cf0105.png was preloaded using link preload but not used within a few seconds from the window's load event. Please make sure it has an appropriate `as` value and it is preloaded intentionally. @ https://www.purepetfood.com/:0
[ 1897002ms] [WARNING] The resource https://www.purepetfood.com/_next/static/media/icon-funnel-treats-couple.46048669.png was preloaded using link preload but not used within a few seconds from the window's load event. Please make sure it has an appropriate `as` value and it is preloaded intentionally. @ https://www.purepetfood.com/:0
[ 1897002ms] [WARNING] The resource https://www.purepetfood.com/_next/static/media/icon-funnel-health.bd8a1de9.png was preloaded using link preload but not used within a few seconds from the window's load event. Please make sure it has an appropriate `as` value and it is preloaded intentionally. @ https://www.purepetfood.com/:0
[ 1897002ms] [WARNING] The resource https://www.purepetfood.com/_next/static/media/loading-bowl.7caff3fe.gif was preloaded using link preload but not used within a few seconds from the window's load event. Please make sure it has an appropriate `as` value and it is preloaded intentionally. @ https://www.purepetfood.com/:0
[ 1897002ms] [WARNING] The resource https://www.purepetfood.com/_next/static/media/icon-funnel-right.4145d05b.png was preloaded using link preload but not used within a few seconds from the window's load event. Please make sure it has an appropriate `as` value and it is preloaded intentionally. @ https://www.purepetfood.com/:0
[ 1897002ms] [WARNING] The resource https://www.purepetfood.com/_next/static/media/icon-funnel-sprinting.bd346016.png was preloaded using link preload but not used within a few seconds from the window's load event. Please make sure it has an appropriate `as` value and it is preloaded intentionally. @ https://www.purepetfood.com/:0
[ 1897002ms] [WARNING] The resource https://www.purepetfood.com/_next/static/media/icon-funnel-treats-none.3c1f3821.png was preloaded using link preload but not used within a few seconds from the window's load event. Please make sure it has an appropriate `as` value and it is preloaded intentionally. @ https://www.purepetfood.com/:0
[ 1897002ms] [WARNING] The resource https://www.purepetfood.com/_next/static/media/icon-funnel-sitting.39fd7d2f.png was preloaded using link preload but not used within a few seconds from the window's load event. Please make sure it has an appropriate `as` value and it is preloaded intentionally. @ https://www.purepetfood.com/:0
[ 1897002ms] [WARNING] The resource https://www.purepetfood.com/_next/static/media/icon-funnel-running.2090f5a5.png was preloaded using link preload but not used within a few seconds from the window's load event. Please make sure it has an appropriate `as` value and it is preloaded intentionally. @ https://www.purepetfood.com/:0
[ 1897002ms] [WARNING] The resource https://www.purepetfood.com/_next/static/media/icon-funnel-not-neutered.18dcc04e.png was preloaded using link preload but not used within a few seconds from the window's load event. Please make sure it has an appropriate `as` value and it is preloaded intentionally. @ https://www.purepetfood.com/:0
[ 1897002ms] [WARNING] The resource https://www.purepetfood.com/_next/static/media/icon-funnel-neutered.5ec3d5ef.png was preloaded using link preload but not used within a few seconds from the window's load event. Please make sure it has an appropriate `as` value and it is preloaded intentionally. @ https://www.purepetfood.com/:0
[ 1897002ms] [WARNING] The resource https://www.purepetfood.com/_next/static/media/icon-funnel-boy.5e2f1f7a.png was preloaded using link preload but not used within a few seconds from the window's load event. Please make sure it has an appropriate `as` value and it is preloaded intentionally. @ https://www.purepetfood.com/:0
[ 1897002ms] [WARNING] The resource https://www.purepetfood.com/_next/static/media/icon-funnel-girl.e62dd3a2.png was preloaded using link preload but not used within a few seconds from the window's load event. Please make sure it has an appropriate `as` value and it is preloaded intentionally. @ https://www.purepetfood.com/:0
[ 2151131ms] [WARNING] The resource https://www.purepetfood.com/_next/static/media/icon-funnel-chubby.70c06268.png was preloaded using link preload but not used within a few seconds from the window's load event. Please make sure it has an appropriate `as` value and it is preloaded intentionally. @ https://www.purepetfood.com/:0
[ 2151131ms] [WARNING] The resource https://www.purepetfood.com/_next/static/media/icon-funnel-overweight.674a6d24.png was preloaded using link preload but not used within a few seconds from the window's load event. Please make sure it has an appropriate `as` value and it is preloaded intentionally. @ https://www.purepetfood.com/:0
[ 2151131ms] [WARNING] The resource https://www.purepetfood.com/_next/static/media/icon-funnel-treats-lots.b4a2c2d8.png was preloaded using link preload but not used within a few seconds from the window's load event. Please make sure it has an appropriate `as` value and it is preloaded intentionally. @ https://www.purepetfood.com/:0
[ 2151131ms] [WARNING] The resource https://www.purepetfood.com/_next/static/media/icon-funnel-walking.f37f3eac.png was preloaded using link preload but not used within a few seconds from the window's load event. Please make sure it has an appropriate `as` value and it is preloaded intentionally. @ https://www.purepetfood.com/:0
[ 2151131ms] [WARNING] The resource https://www.purepetfood.com/_next/static/media/icon-funnel-skinny.dfdbe3bb.png was preloaded using link preload but not used within a few seconds from the window's load event. Please make sure it has an appropriate `as` value and it is preloaded intentionally. @ https://www.purepetfood.com/:0
[ 2151131ms] [WARNING] The resource https://www.purepetfood.com/_next/static/media/icon-funnel-treats-few.f6cf0105.png was preloaded using link preload but not used within a few seconds from the window's load event. Please make sure it has an appropriate `as` value and it is preloaded intentionally. @ https://www.purepetfood.com/:0
[ 2151131ms] [WARNING] The resource https://www.purepetfood.com/_next/static/media/icon-funnel-treats-couple.46048669.png was preloaded using link preload but not used within a few seconds from the window's load event. Please make sure it has an appropriate `as` value and it is preloaded intentionally. @ https://www.purepetfood.com/:0
[ 2151131ms] [WARNING] The resource https://www.purepetfood.com/_next/static/media/icon-funnel-health.bd8a1de9.png was preloaded using link preload but not used within a few seconds from the window's load event. Please make sure it has an appropriate `as` value and it is preloaded intentionally. @ https://www.purepetfood.com/:0
[ 2151131ms] [WARNING] The resource https://www.purepetfood.com/_next/static/media/loading-bowl.7caff3fe.gif was preloaded using link preload but not used within a few seconds from the window's load event. Please make sure it has an appropriate `as` value and it is preloaded intentionally. @ https://www.purepetfood.com/:0
[ 2151131ms] [WARNING] The resource https://www.purepetfood.com/_next/static/media/icon-funnel-right.4145d05b.png was preloaded using link preload but not used within a few seconds from the window's load event. Please make sure it has an appropriate `as` value and it is preloaded intentionally. @ https://www.purepetfood.com/:0
[ 2151131ms] [WARNING] The resource https://www.purepetfood.com/_next/static/media/icon-funnel-sprinting.bd346016.png was preloaded using link preload but not used within a few seconds from the window's load event. Please make sure it has an appropriate `as` value and it is preloaded intentionally. @ https://www.purepetfood.com/:0
[ 2151131ms] [WARNING] The resource https://www.purepetfood.com/_next/static/media/icon-funnel-treats-none.3c1f3821.png was preloaded using link preload but not used within a few seconds from the window's load event. Please make sure it has an appropriate `as` value and it is preloaded intentionally. @ https://www.purepetfood.com/:0
[ 2151131ms] [WARNING] The resource https://www.purepetfood.com/_next/static/media/icon-funnel-sitting.39fd7d2f.png was preloaded using link preload but not used within a few seconds from the window's load event. Please make sure it has an appropriate `as` value and it is preloaded intentionally. @ https://www.purepetfood.com/:0
[ 2151131ms] [WARNING] The resource https://www.purepetfood.com/_next/static/media/icon-funnel-running.2090f5a5.png was preloaded using link preload but not used within a few seconds from the window's load event. Please make sure it has an appropriate `as` value and it is preloaded intentionally. @ https://www.purepetfood.com/:0
[ 2151131ms] [WARNING] The resource https://www.purepetfood.com/_next/static/media/icon-funnel-not-neutered.18dcc04e.png was preloaded using link preload but not used within a few seconds from the window's load event. Please make sure it has an appropriate `as` value and it is preloaded intentionally. @ https://www.purepetfood.com/:0
[ 2151131ms] [WARNING] The resource https://www.purepetfood.com/_next/static/media/icon-funnel-neutered.5ec3d5ef.png was preloaded using link preload but not used within a few seconds from the window's load event. Please make sure it has an appropriate `as` value and it is preloaded intentionally. @ https://www.purepetfood.com/:0
[ 2151131ms] [WARNING] The resource https://www.purepetfood.com/_next/static/media/icon-funnel-boy.5e2f1f7a.png was preloaded using link preload but not used within a few seconds from the window's load event. Please make sure it has an appropriate `as` value and it is preloaded intentionally. @ https://www.purepetfood.com/:0
[ 2151131ms] [WARNING] The resource https://www.purepetfood.com/_next/static/media/icon-funnel-girl.e62dd3a2.png was preloaded using link preload but not used within a few seconds from the window's load event. Please make sure it has an appropriate `as` value and it is preloaded intentionally. @ https://www.purepetfood.com/:0
[ 2196911ms] [WARNING] The resource https://www.purepetfood.com/_next/static/media/icon-funnel-chubby.70c06268.png was preloaded using link preload but not used within a few seconds from the window's load event. Please make sure it has an appropriate `as` value and it is preloaded intentionally. @ https://www.purepetfood.com/:0
[ 2196912ms] [WARNING] The resource https://www.purepetfood.com/_next/static/media/icon-funnel-overweight.674a6d24.png was preloaded using link preload but not used within a few seconds from the window's load event. Please make sure it has an appropriate `as` value and it is preloaded intentionally. @ https://www.purepetfood.com/:0
[ 2196912ms] [WARNING] The resource https://www.purepetfood.com/_next/static/media/icon-funnel-treats-lots.b4a2c2d8.png was preloaded using link preload but not used within a few seconds from the window's load event. Please make sure it has an appropriate `as` value and it is preloaded intentionally. @ https://www.purepetfood.com/:0
[ 2196912ms] [WARNING] The resource https://www.purepetfood.com/_next/static/media/icon-funnel-walking.f37f3eac.png was preloaded using link preload but not used within a few seconds from the window's load event. Please make sure it has an appropriate `as` value and it is preloaded intentionally. @ https://www.purepetfood.com/:0
[ 2196912ms] [WARNING] The resource https://www.purepetfood.com/_next/static/media/icon-funnel-skinny.dfdbe3bb.png was preloaded using link preload but not used within a few seconds from the window's load event. Please make sure it has an appropriate `as` value and it is preloaded intentionally. @ https://www.purepetfood.com/:0
[ 2196912ms] [WARNING] The resource https://www.purepetfood.com/_next/static/media/icon-funnel-treats-few.f6cf0105.png was preloaded using link preload but not used within a few seconds from the window's load event. Please make sure it has an appropriate `as` value and it is preloaded intentionally. @ https://www.purepetfood.com/:0
[ 2196912ms] [WARNING] The resource https://www.purepetfood.com/_next/static/media/icon-funnel-treats-couple.46048669.png was preloaded using link preload but not used within a few seconds from the window's load event. Please make sure it has an appropriate `as` value and it is preloaded intentionally. @ https://www.purepetfood.com/:0
[ 2196912ms] [WARNING] The resource https://www.purepetfood.com/_next/static/media/icon-funnel-health.bd8a1de9.png was preloaded using link preload but not used within a few seconds from the window's load event. Please make sure it has an appropriate `as` value and it is preloaded intentionally. @ https://www.purepetfood.com/:0
[ 2196912ms] [WARNING] The resource https://www.purepetfood.com/_next/static/media/loading-bowl.7caff3fe.gif was preloaded using link preload but not used within a few seconds from the window's load event. Please make sure it has an appropriate `as` value and it is preloaded intentionally. @ https://www.purepetfood.com/:0
[ 2196912ms] [WARNING] The resource https://www.purepetfood.com/_next/static/media/icon-funnel-right.4145d05b.png was preloaded using link preload but not used within a few seconds from the window's load event. Please make sure it has an appropriate `as` value and it is preloaded intentionally. @ https://www.purepetfood.com/:0
[ 2196912ms] [WARNING] The resource https://www.purepetfood.com/_next/static/media/icon-funnel-sprinting.bd346016.png was preloaded using link preload but not used within a few seconds from the window's load event. Please make sure it has an appropriate `as` value and it is preloaded intentionally. @ https://www.purepetfood.com/:0
[ 2196912ms] [WARNING] The resource https://www.purepetfood.com/_next/static/media/icon-funnel-treats-none.3c1f3821.png was preloaded using link preload but not used within a few seconds from the window's load event. Please make sure it has an appropriate `as` value and it is preloaded intentionally. @ https://www.purepetfood.com/:0
[ 2196912ms] [WARNING] The resource https://www.purepetfood.com/_next/static/media/icon-funnel-sitting.39fd7d2f.png was preloaded using link preload but not used within a few seconds from the window's load event. Please make sure it has an appropriate `as` value and it is preloaded intentionally. @ https://www.purepetfood.com/:0
[ 2196912ms] [WARNING] The resource https://www.purepetfood.com/_next/static/media/icon-funnel-running.2090f5a5.png was preloaded using link preload but not used within a few seconds from the window's load event. Please make sure it has an appropriate `as` value and it is preloaded intentionally. @ https://www.purepetfood.com/:0
[ 2196912ms] [WARNING] The resource https://www.purepetfood.com/_next/static/media/icon-funnel-not-neutered.18dcc04e.png was preloaded using link preload but not used within a few seconds from the window's load event. Please make sure it has an appropriate `as` value and it is preloaded intentionally. @ https://www.purepetfood.com/:0
[ 2196912ms] [WARNING] The resource https://www.purepetfood.com/_next/static/media/icon-funnel-neutered.5ec3d5ef.png was preloaded using link preload but not used within a few seconds from the window's load event. Please make sure it has an appropriate `as` value and it is preloaded intentionally. @ https://www.purepetfood.com/:0
[ 2196912ms] [WARNING] The resource https://www.purepetfood.com/_next/static/media/icon-funnel-boy.5e2f1f7a.png was preloaded using link preload but not used within a few seconds from the window's load event. Please make sure it has an appropriate `as` value and it is preloaded intentionally. @ https://www.purepetfood.com/:0
[ 2196912ms] [WARNING] The resource https://www.purepetfood.com/_next/static/media/icon-funnel-girl.e62dd3a2.png was preloaded using link preload but not used within a few seconds from the window's load event. Please make sure it has an appropriate `as` value and it is preloaded intentionally. @ https://www.purepetfood.com/:0
[ 2496916ms] [WARNING] The resource https://www.purepetfood.com/_next/static/media/icon-funnel-chubby.70c06268.png was preloaded using link preload but not used within a few seconds from the window's load event. Please make sure it has an appropriate `as` value and it is preloaded intentionally. @ https://www.purepetfood.com/:0
[ 2496916ms] [WARNING] The resource https://www.purepetfood.com/_next/static/media/icon-funnel-overweight.674a6d24.png was preloaded using link preload but not used within a few seconds from the window's load event. Please make sure it has an appropriate `as` value and it is preloaded intentionally. @ https://www.purepetfood.com/:0
[ 2496916ms] [WARNING] The resource https://www.purepetfood.com/_next/static/media/icon-funnel-treats-lots.b4a2c2d8.png was preloaded using link preload but not used within a few seconds from the window's load event. Please make sure it has an appropriate `as` value and it is preloaded intentionally. @ https://www.purepetfood.com/:0
[ 2496917ms] [WARNING] The resource https://www.purepetfood.com/_next/static/media/icon-funnel-walking.f37f3eac.png was preloaded using link preload but not used within a few seconds from the window's load event. Please make sure it has an appropriate `as` value and it is preloaded intentionally. @ https://www.purepetfood.com/:0
[ 2496917ms] [WARNING] The resource https://www.purepetfood.com/_next/static/media/icon-funnel-skinny.dfdbe3bb.png was preloaded using link preload but not used within a few seconds from the window's load event. Please make sure it has an appropriate `as` value and it is preloaded intentionally. @ https://www.purepetfood.com/:0
[ 2496917ms] [WARNING] The resource https://www.purepetfood.com/_next/static/media/icon-funnel-treats-few.f6cf0105.png was preloaded using link preload but not used within a few seconds from the window's load event. Please make sure it has an appropriate `as` value and it is preloaded intentionally. @ https://www.purepetfood.com/:0
[ 2496917ms] [WARNING] The resource https://www.purepetfood.com/_next/static/media/icon-funnel-treats-couple.46048669.png was preloaded using link preload but not used within a few seconds from the window's load event. Please make sure it has an appropriate `as` value and it is preloaded intentionally. @ https://www.purepetfood.com/:0
[ 2496917ms] [WARNING] The resource https://www.purepetfood.com/_next/static/media/icon-funnel-health.bd8a1de9.png was preloaded using link preload but not used within a few seconds from the window's load event. Please make sure it has an appropriate `as` value and it is preloaded intentionally. @ https://www.purepetfood.com/:0
[ 2496917ms] [WARNING] The resource https://www.purepetfood.com/_next/static/media/loading-bowl.7caff3fe.gif was preloaded using link preload but not used within a few seconds from the window's load event. Please make sure it has an appropriate `as` value and it is preloaded intentionally. @ https://www.purepetfood.com/:0
[ 2496917ms] [WARNING] The resource https://www.purepetfood.com/_next/static/media/icon-funnel-right.4145d05b.png was preloaded using link preload but not used within a few seconds from the window's load event. Please make sure it has an appropriate `as` value and it is preloaded intentionally. @ https://www.purepetfood.com/:0
[ 2496917ms] [WARNING] The resource https://www.purepetfood.com/_next/static/media/icon-funnel-sprinting.bd346016.png was preloaded using link preload but not used within a few seconds from the window's load event. Please make sure it has an appropriate `as` value and it is preloaded intentionally. @ https://www.purepetfood.com/:0
[ 2496917ms] [WARNING] The resource https://www.purepetfood.com/_next/static/media/icon-funnel-treats-none.3c1f3821.png was preloaded using link preload but not used within a few seconds from the window's load event. Please make sure it has an appropriate `as` value and it is preloaded intentionally. @ https://www.purepetfood.com/:0
[ 2496917ms] [WARNING] The resource https://www.purepetfood.com/_next/static/media/icon-funnel-sitting.39fd7d2f.png was preloaded using link preload but not used within a few seconds from the window's load event. Please make sure it has an appropriate `as` value and it is preloaded intentionally. @ https://www.purepetfood.com/:0
[ 2496917ms] [WARNING] The resource https://www.purepetfood.com/_next/static/media/icon-funnel-running.2090f5a5.png was preloaded using link preload but not used within a few seconds from the window's load event. Please make sure it has an appropriate `as` value and it is preloaded intentionally. @ https://www.purepetfood.com/:0
[ 2496917ms] [WARNING] The resource https://www.purepetfood.com/_next/static/media/icon-funnel-not-neutered.18dcc04e.png was preloaded using link preload but not used within a few seconds from the window's load event. Please make sure it has an appropriate `as` value and it is preloaded intentionally. @ https://www.purepetfood.com/:0
[ 2496917ms] [WARNING] The resource https://www.purepetfood.com/_next/static/media/icon-funnel-neutered.5ec3d5ef.png was preloaded using link preload but not used within a few seconds from the window's load event. Please make sure it has an appropriate `as` value and it is preloaded intentionally. @ https://www.purepetfood.com/:0
[ 2496917ms] [WARNING] The resource https://www.purepetfood.com/_next/static/media/icon-funnel-boy.5e2f1f7a.png was preloaded using link preload but not used within a few seconds from the window's load event. Please make sure it has an appropriate `as` value and it is preloaded intentionally. @ https://www.purepetfood.com/:0
[ 2496917ms] [WARNING] The resource https://www.purepetfood.com/_next/static/media/icon-funnel-girl.e62dd3a2.png was preloaded using link preload but not used within a few seconds from the window's load event. Please make sure it has an appropriate `as` value and it is preloaded intentionally. @ https://www.purepetfood.com/:0
