[     655ms] [ERROR] Failed to load resource: net::ERR_FAILED @ https://widget.trustpilot.com/bootstrap/v5/tp.widget.bootstrap.min.js:0
[     664ms] [ERROR] Failed to load resource: net::ERR_FAILED @ https://www.purepetfood.com/_next/static/chunks/webpack-43817b7636b43062.js:0
[     665ms] [ERROR] Failed to load resource: net::ERR_FAILED @ https://www.purepetfood.com/_next/static/chunks/framework-043cd816f72637e7.js:0
[     666ms] [ERROR] Failed to load resource: net::ERR_FAILED @ https://www.purepetfood.com/_next/static/chunks/main-90c943289de07b17.js:0
[     667ms] [ERROR] Failed to load resource: net::ERR_FAILED @ https://www.purepetfood.com/_next/static/chunks/pages/_app-8a4735346d63482b.js:0
[     667ms] [ERROR] Failed to load resource: net::ERR_FAILED @ https://www.purepetfood.com/_next/static/chunks/8907-a23a5766c6c2d2af.js:0
[     668ms] [ERROR] Failed to load resource: net::ERR_FAILED @ https://www.purepetfood.com/_next/static/chunks/2985-bbe7614beeaaf4ff.js:0
[     669ms] [ERROR] Failed to load resource: net::ERR_FAILED @ https://www.purepetfood.com/_next/static/chunks/2086-49ea716788100b43.js:0
[     670ms] [ERROR] Failed to load resource: net::ERR_FAILED @ https://www.purepetfood.com/_next/static/chunks/8021-43de54d6b7332bdc.js:0
[     671ms] [ERROR] Failed to load resource: net::ERR_FAILED @ https://www.purepetfood.com/_next/static/chunks/7902-e07dcc421755cad9.js:0
[     675ms] [ERROR] Failed to load resource: net::ERR_FAILED @ https://www.purepetfood.com/_next/static/chunks/5674-cf5328ce3ed71c8e.js:0
[     675ms] [ERROR] Failed to load resource: net::ERR_FAILED @ https://www.purepetfood.com/_next/static/chunks/2719-7591e9c95fe4452d.js:0
[     675ms] [ERROR] Failed to load resource: net::ERR_FAILED @ https://www.purepetfood.com/_next/static/chunks/986-ad2ee5ae4c2a011d.js:0
[     675ms] [ERROR] Failed to load resource: net::ERR_FAILED @ https://www.purepetfood.com/_next/static/chunks/6604-4876b64cff682975.js:0
[     676ms] [ERROR] Failed to load resource: net::ERR_FAILED @ https://www.purepetfood.com/_next/static/chunks/8675-053c383dbcb7a619.js:0
[     680ms] [ERROR] Failed to load resource: net::ERR_FAILED @ https://www.purepetfood.com/_next/static/chunks/pages/%5Bid%5D-f035075b5c2924e1.js:0
[     681ms] [ERROR] Failed to load resource: net::ERR_FAILED @ https://www.purepetfood.com/_next/static/oDMTFosZwKu6tH71TDb7I/_buildManifest.js:0
[     682ms] [ERROR] Failed to load resource: net::ERR_FAILED @ https://www.purepetfood.com/_next/static/oDMTFosZwKu6tH71TDb7I/_ssgManifest.js:0
[     692ms] [ERROR] Failed to load resource: net::ERR_FAILED @ https://www.purepetfood.com/.netlify/scripts/rum:0
[    3165ms] [ERROR] Failed to load resource: net::ERR_FAILED @ https://widget.trustpilot.com/bootstrap/v5/tp.widget.bootstrap.min.js:0
[    3240ms] [ERROR] Failed to load resource: net::ERR_FAILED @ https://www.purepetfood.com/_next/static/chunks/webpack-43817b7636b43062.js:0
[    3240ms] [ERROR] Failed to load resource: net::ERR_FAILED @ https://www.purepetfood.com/_next/static/chunks/framework-043cd816f72637e7.js:0
[    3240ms] [ERROR] Failed to load resource: net::ERR_FAILED @ https://www.purepetfood.com/_next/static/chunks/main-90c943289de07b17.js:0
[    3240ms] [ERROR] Failed to load resource: net::ERR_FAILED @ https://www.purepetfood.com/_next/static/chunks/pages/_app-8a4735346d63482b.js:0
[    3242ms] [ERROR] Failed to load resource: net::ERR_FAILED @ https://www.purepetfood.com/_next/static/chunks/8907-a23a5766c6c2d2af.js:0
[    3243ms] [ERROR] Failed to load resource: net::ERR_FAILED @ https://www.purepetfood.com/_next/static/chunks/2985-bbe7614beeaaf4ff.js:0
[    3243ms] [ERROR] Failed to load resource: net::ERR_FAILED @ https://www.purepetfood.com/_next/static/chunks/2086-49ea716788100b43.js:0
[    3244ms] [ERROR] Failed to load resource: net::ERR_FAILED @ https://www.purepetfood.com/_next/static/chunks/8021-43de54d6b7332bdc.js:0
[    3244ms] [ERROR] Failed to load resource: net::ERR_FAILED @ https://www.purepetfood.com/_next/static/chunks/7902-e07dcc421755cad9.js:0
[    3245ms] [ERROR] Failed to load resource: net::ERR_FAILED @ https://www.purepetfood.com/_next/static/chunks/5674-cf5328ce3ed71c8e.js:0
[    3246ms] [ERROR] Failed to load resource: net::ERR_FAILED @ https://www.purepetfood.com/_next/static/chunks/2719-7591e9c95fe4452d.js:0
[    3246ms] [ERROR] Failed to load resource: net::ERR_FAILED @ https://www.purepetfood.com/_next/static/chunks/986-ad2ee5ae4c2a011d.js:0
[    3247ms] [ERROR] Failed to load resource: net::ERR_FAILED @ https://www.purepetfood.com/_next/static/chunks/6604-4876b64cff682975.js:0
[    3248ms] [ERROR] Failed to load resource: net::ERR_FAILED @ https://www.purepetfood.com/_next/static/chunks/8675-053c383dbcb7a619.js:0
[    3248ms] [ERROR] Failed to load resource: net::ERR_FAILED @ https://www.purepetfood.com/_next/static/chunks/pages/%5Bid%5D-f035075b5c2924e1.js:0
[    3251ms] [ERROR] Failed to load resource: net::ERR_FAILED @ https://www.purepetfood.com/_next/static/oDMTFosZwKu6tH71TDb7I/_buildManifest.js:0
[    3252ms] [ERROR] Failed to load resource: net::ERR_FAILED @ https://www.purepetfood.com/_next/static/oDMTFosZwKu6tH71TDb7I/_ssgManifest.js:0
[    3323ms] [ERROR] Failed to load resource: net::ERR_FAILED @ https://www.purepetfood.com/.netlify/scripts/rum:0
[    6637ms] [ERROR] Failed to load resource: net::ERR_FAILED @ https://widget.trustpilot.com/bootstrap/v5/tp.widget.bootstrap.min.js:0
[    6647ms] [ERROR] Failed to load resource: net::ERR_FAILED @ https://www.purepetfood.com/_next/static/chunks/webpack-43817b7636b43062.js:0
[    6648ms] [ERROR] Failed to load resource: net::ERR_FAILED @ https://www.purepetfood.com/_next/static/chunks/framework-043cd816f72637e7.js:0
[    6649ms] [ERROR] Failed to load resource: net::ERR_FAILED @ https://www.purepetfood.com/_next/static/chunks/main-90c943289de07b17.js:0
[    6650ms] [ERROR] Failed to load resource: net::ERR_FAILED @ https://www.purepetfood.com/_next/static/chunks/pages/_app-8a4735346d63482b.js:0
[    6651ms] [ERROR] Failed to load resource: net::ERR_FAILED @ https://www.purepetfood.com/_next/static/chunks/8907-a23a5766c6c2d2af.js:0
[    6652ms] [ERROR] Failed to load resource: net::ERR_FAILED @ https://www.purepetfood.com/_next/static/chunks/2985-bbe7614beeaaf4ff.js:0
[    6653ms] [ERROR] Failed to load resource: net::ERR_FAILED @ https://www.purepetfood.com/_next/static/chunks/2086-49ea716788100b43.js:0
[    6653ms] [ERROR] Failed to load resource: net::ERR_FAILED @ https://www.purepetfood.com/_next/static/chunks/8021-43de54d6b7332bdc.js:0
[    6654ms] [ERROR] Failed to load resource: net::ERR_FAILED @ https://www.purepetfood.com/_next/static/chunks/7902-e07dcc421755cad9.js:0
[    6655ms] [ERROR] Failed to load resource: net::ERR_FAILED @ https://www.purepetfood.com/_next/static/chunks/5674-cf5328ce3ed71c8e.js:0
[    6656ms] [ERROR] Failed to load resource: net::ERR_FAILED @ https://www.purepetfood.com/_next/static/chunks/2719-7591e9c95fe4452d.js:0
[    6657ms] [ERROR] Failed to load resource: net::ERR_FAILED @ https://www.purepetfood.com/_next/static/chunks/986-ad2ee5ae4c2a011d.js:0
[    6657ms] [ERROR] Failed to load resource: net::ERR_FAILED @ https://www.purepetfood.com/_next/static/chunks/6604-4876b64cff682975.js:0
[    6658ms] [ERROR] Failed to load resource: net::ERR_FAILED @ https://www.purepetfood.com/_next/static/chunks/8675-053c383dbcb7a619.js:0
[    6659ms] [ERROR] Failed to load resource: net::ERR_FAILED @ https://www.purepetfood.com/_next/static/chunks/pages/%5Bid%5D-f035075b5c2924e1.js:0
[    6661ms] [ERROR] Failed to load resource: net::ERR_FAILED @ https://www.purepetfood.com/_next/static/oDMTFosZwKu6tH71TDb7I/_buildManifest.js:0
[    6662ms] [ERROR] Failed to load resource: net::ERR_FAILED @ https://www.purepetfood.com/_next/static/oDMTFosZwKu6tH71TDb7I/_ssgManifest.js:0
[    6808ms] [ERROR] Failed to load resource: net::ERR_FAILED @ https://www.purepetfood.com/.netlify/scripts/rum:0
[    6975ms] [ERROR] Failed to load resource: net::ERR_FAILED @ https://widget.trustpilot.com/bootstrap/v5/tp.widget.bootstrap.min.js:0
[    6998ms] [ERROR] Failed to load resource: net::ERR_FAILED @ https://www.purepetfood.com/_next/static/chunks/webpack-43817b7636b43062.js:0
[    6999ms] [ERROR] Failed to load resource: net::ERR_FAILED @ https://www.purepetfood.com/_next/static/chunks/framework-043cd816f72637e7.js:0
[    7000ms] [ERROR] Failed to load resource: net::ERR_FAILED @ https://www.purepetfood.com/_next/static/chunks/main-90c943289de07b17.js:0
[    7001ms] [ERROR] Failed to load resource: net::ERR_FAILED @ https://www.purepetfood.com/_next/static/chunks/pages/_app-8a4735346d63482b.js:0
[    7002ms] [ERROR] Failed to load resource: net::ERR_FAILED @ https://www.purepetfood.com/_next/static/chunks/8907-a23a5766c6c2d2af.js:0
[    7003ms] [ERROR] Failed to load resource: net::ERR_FAILED @ https://www.purepetfood.com/_next/static/chunks/7902-e07dcc421755cad9.js:0
[    7004ms] [ERROR] Failed to load resource: net::ERR_FAILED @ https://www.purepetfood.com/_next/static/chunks/5903-595e4a2b13e11152.js:0
[    7004ms] [ERROR] Failed to load resource: net::ERR_FAILED @ https://www.purepetfood.com/_next/static/chunks/2707-d77dc6af66decd98.js:0
[    7005ms] [ERROR] Failed to load resource: net::ERR_FAILED @ https://www.purepetfood.com/_next/static/chunks/pages/signup-ccb075ee9fc878c6.js:0
[    7006ms] [ERROR] Failed to load resource: net::ERR_FAILED @ https://www.purepetfood.com/_next/static/oDMTFosZwKu6tH71TDb7I/_buildManifest.js:0
[    7007ms] [ERROR] Failed to load resource: net::ERR_FAILED @ https://www.purepetfood.com/_next/static/oDMTFosZwKu6tH71TDb7I/_ssgManifest.js:0
[    7009ms] [ERROR] Failed to load resource: net::ERR_FAILED @ https://www.purepetfood.com/.netlify/scripts/rum:0
