[    1710ms] [WARNING] Image with src "https://placedog.net/700/500?id=2" was detected as the Largest Contentful Paint (LCP). Please add the "priority" property if this image is above the fold.
Read more: https://nextjs.org/docs/api-reference/next/image#priority @ webpack-internal:///(app-pages-browser)/./node_modules/next/dist/shared/lib/utils/warn-once.js:15
[   37302ms] Error: Minified React error #418; visit https://react.dev/errors/418?args[]=HTML&args[]= for the full message or use the non-minified dev environment for full errors and additional helpful warnings.
    at rO (https://www.purepetfood.com/_next/static/chunks/framework-043cd816f72637e7.js:1:35397)
    at oG (https://www.purepetfood.com/_next/static/chunks/framework-043cd816f72637e7.js:1:85443)
    at sw (https://www.purepetfood.com/_next/static/chunks/framework-043cd816f72637e7.js:1:116530)
    at https://www.purepetfood.com/_next/static/chunks/framework-043cd816f72637e7.js:1:116375
    at sS (https://www.purepetfood.com/_next/static/chunks/framework-043cd816f72637e7.js:1:116383)
    at sc (https://www.purepetfood.com/_next/static/chunks/framework-043cd816f72637e7.js:1:111758)
    at sJ (https://www.purepetfood.com/_next/static/chunks/framework-043cd816f72637e7.js:1:134896)
    at MessagePort._ (https://www.purepetfood.com/_next/static/chunks/framework-043cd816f72637e7.js:1:371091)
[   37369ms] [ERROR] Failed to load resource: the server responded with a status of 504 () @ https://www.purepetfood.com/_next/image?url=%2Fimages%2Flocales%2Fbritish.png&w=32&q=75:0
[   37530ms] [WARNING] Amplitude Logger [Warn]: Plugin name is undefined. 
      Generating a random UUID for plugin name: fd2ec2a4-e2fb-449a-904f-056616f8fbab. 
      Set a name for the plugin to prevent it from being added multiple times. @ https://www.purepetfood.com/_next/static/chunks/pages/_app-8a4735346d63482b.js:5
[   37530ms] [WARNING] Amplitude Logger [Warn]: Plugin with name google-tag-manager already exists, skipping registration @ https://www.purepetfood.com/_next/static/chunks/pages/_app-8a4735346d63482b.js:5
[   37530ms] [WARNING] Amplitude Logger [Warn]: Plugin with name @amplitude/plugin-session-replay-browser already exists, skipping registration @ https://www.purepetfood.com/_next/static/chunks/pages/_app-8a4735346d63482b.js:5
[   37530ms] [WARNING] Amplitude Logger [Warn]: Plugin name is undefined. 
      Generating a random UUID for plugin name: b3087477-4248-4bda-a415-475504e3180d. 
      Set a name for the plugin to prevent it from being added multiple times. @ https://www.purepetfood.com/_next/static/chunks/pages/_app-8a4735346d63482b.js:5
[   68436ms] [ERROR] Failed to load resource: the server responded with a status of 504 () @ https://www.purepetfood.com/_next/image?url=%2Fimages%2Flocales%2Fbritish.png&w=32&q=75:0
[   73303ms] [ERROR] Failed to load resource: net::ERR_NETWORK_CHANGED @ https://www.purepetfood.com/_next/data/oDMTFosZwKu6tH71TDb7I/en.json:0
[   73304ms] [ERROR] Failed to load resource: net::ERR_NETWORK_CHANGED @ https://www.purepetfood.com/_next/data/oDMTFosZwKu6tH71TDb7I/en/reviews.json?id=reviews:0
[   73304ms] [ERROR] Failed to load resource: net::ERR_NETWORK_CHANGED @ https://www.purepetfood.com/_next/data/oDMTFosZwKu6tH71TDb7I/en/help.json:0
[   73304ms] [ERROR] Failed to load resource: net::ERR_NETWORK_CHANGED @ https://www.purepetfood.com/_next/data/oDMTFosZwKu6tH71TDb7I/en/signup.json:0
[   73306ms] [ERROR] Failed to load resource: net::ERR_NETWORK_CHANGED @ https://analytics.tiktok.com/i18n/pixel/events.js?sdkid=C5ONCI5ODNNK397VL59G&lib=ttq:0
[  251303ms] [ERROR] Failed to load resource: the server responded with a status of 404 (Not Found) @ http://localhost:3001/how-it-works:0
[  251371ms] [ERROR] Failed to load resource: the server responded with a status of 404 (Not Found) @ http://localhost:3001/why-pure:0
