[     889ms] Error: Minified React error #418; visit https://react.dev/errors/418?args[]=HTML&args[]= for the full message or use the non-minified dev environment for full errors and additional helpful warnings.
    at rO (https://www.purepetfood.com/_next/static/chunks/framework-043cd816f72637e7.js:1:35397)
    at oG (https://www.purepetfood.com/_next/static/chunks/framework-043cd816f72637e7.js:1:85443)
    at sw (https://www.purepetfood.com/_next/static/chunks/framework-043cd816f72637e7.js:1:116530)
    at https://www.purepetfood.com/_next/static/chunks/framework-043cd816f72637e7.js:1:116375
    at sS (https://www.purepetfood.com/_next/static/chunks/framework-043cd816f72637e7.js:1:116383)
    at sc (https://www.purepetfood.com/_next/static/chunks/framework-043cd816f72637e7.js:1:111758)
    at sJ (https://www.purepetfood.com/_next/static/chunks/framework-043cd816f72637e7.js:1:134896)
    at MessagePort._ (https://www.purepetfood.com/_next/static/chunks/framework-043cd816f72637e7.js:1:371091)
[    1136ms] [WARNING] Amplitude Logger [Warn]: Plugin name is undefined. 
      Generating a random UUID for plugin name: 64bb56eb-653e-422b-932f-fcab9b29bd15. 
      Set a name for the plugin to prevent it from being added multiple times. @ https://www.purepetfood.com/_next/static/chunks/pages/_app-57ccec936cfe8fbc.js:5
[    1136ms] [WARNING] Amplitude Logger [Warn]: Plugin with name google-tag-manager already exists, skipping registration @ https://www.purepetfood.com/_next/static/chunks/pages/_app-57ccec936cfe8fbc.js:5
[    1136ms] [WARNING] Amplitude Logger [Warn]: Plugin with name @amplitude/plugin-session-replay-browser already exists, skipping registration @ https://www.purepetfood.com/_next/static/chunks/pages/_app-57ccec936cfe8fbc.js:5
[    1137ms] [WARNING] Amplitude Logger [Warn]: Plugin name is undefined. 
      Generating a random UUID for plugin name: 1f43b1a0-9634-4f7a-8a1c-a1d75dee196f. 
      Set a name for the plugin to prevent it from being added multiple times. @ https://www.purepetfood.com/_next/static/chunks/pages/_app-57ccec936cfe8fbc.js:5
[   76528ms] [ERROR] Failed to load resource: net::ERR_CONNECTION_TIMED_OUT @ https://analytics.tiktok.com/i18n/pixel/events.js?sdkid=C5ONCI5ODNNK397VL59G&lib=ttq:0
[  333117ms] [ERROR] Failed to load resource: net::ERR_NAME_NOT_RESOLVED @ https://flag.lab.amplitude.com/sdk/v2/flags:0
[  673539ms] [ERROR] Failed to load resource: net::ERR_NAME_NOT_RESOLVED @ https://flag.lab.amplitude.com/sdk/v2/flags:0
[  973543ms] [ERROR] Failed to load resource: net::ERR_NAME_NOT_RESOLVED @ https://flag.lab.amplitude.com/sdk/v2/flags:0
[ 1273549ms] [ERROR] Failed to load resource: net::ERR_NAME_NOT_RESOLVED @ https://flag.lab.amplitude.com/sdk/v2/flags:0
