[     142ms] [ERROR] Failed to load resource: net::ERR_FAILED @ https://widget.trustpilot.com/bootstrap/v5/tp.widget.bootstrap.min.js:0
[     163ms] [ERROR] Failed to load resource: net::ERR_FAILED @ https://www.purepetfood.com/_next/static/chunks/webpack-43817b7636b43062.js:0
[     164ms] [ERROR] Failed to load resource: net::ERR_FAILED @ https://www.purepetfood.com/_next/static/chunks/framework-043cd816f72637e7.js:0
[     165ms] [ERROR] Failed to load resource: net::ERR_FAILED @ https://www.purepetfood.com/_next/static/chunks/main-90c943289de07b17.js:0
[     166ms] [ERROR] Failed to load resource: net::ERR_FAILED @ https://www.purepetfood.com/_next/static/chunks/pages/_app-8a4735346d63482b.js:0
[     166ms] [ERROR] Failed to load resource: net::ERR_FAILED @ https://www.purepetfood.com/_next/static/chunks/8907-a23a5766c6c2d2af.js:0
[     167ms] [ERROR] Failed to load resource: net::ERR_FAILED @ https://www.purepetfood.com/_next/static/chunks/7902-e07dcc421755cad9.js:0
[     168ms] [ERROR] Failed to load resource: net::ERR_FAILED @ https://www.purepetfood.com/_next/static/chunks/5903-595e4a2b13e11152.js:0
[     169ms] [ERROR] Failed to load resource: net::ERR_FAILED @ https://www.purepetfood.com/_next/static/chunks/2707-d77dc6af66decd98.js:0
[     171ms] [ERROR] Failed to load resource: net::ERR_FAILED @ https://www.purepetfood.com/_next/static/chunks/pages/signup-ccb075ee9fc878c6.js:0
[     171ms] [ERROR] Failed to load resource: net::ERR_FAILED @ https://www.purepetfood.com/_next/static/oDMTFosZwKu6tH71TDb7I/_buildManifest.js:0
[     172ms] [ERROR] Failed to load resource: net::ERR_FAILED @ https://www.purepetfood.com/_next/static/oDMTFosZwKu6tH71TDb7I/_ssgManifest.js:0
[     298ms] [ERROR] Failed to load resource: net::ERR_FAILED @ https://www.purepetfood.com/.netlify/scripts/rum:0
[    1421ms] [ERROR] Failed to load resource: net::ERR_FAILED @ https://widget.trustpilot.com/bootstrap/v5/tp.widget.bootstrap.min.js:0
[    1426ms] [ERROR] Failed to load resource: net::ERR_FAILED @ https://www.purepetfood.com/_next/static/chunks/webpack-43817b7636b43062.js:0
[    1427ms] [ERROR] Failed to load resource: net::ERR_FAILED @ https://www.purepetfood.com/_next/static/chunks/framework-043cd816f72637e7.js:0
[    1428ms] [ERROR] Failed to load resource: net::ERR_FAILED @ https://www.purepetfood.com/_next/static/chunks/main-90c943289de07b17.js:0
[    1429ms] [ERROR] Failed to load resource: net::ERR_FAILED @ https://www.purepetfood.com/_next/static/chunks/pages/_app-8a4735346d63482b.js:0
[    1429ms] [ERROR] Failed to load resource: net::ERR_FAILED @ https://www.purepetfood.com/_next/static/chunks/8907-a23a5766c6c2d2af.js:0
[    1430ms] [ERROR] Failed to load resource: net::ERR_FAILED @ https://www.purepetfood.com/_next/static/chunks/2985-bbe7614beeaaf4ff.js:0
[    1431ms] [ERROR] Failed to load resource: net::ERR_FAILED @ https://www.purepetfood.com/_next/static/chunks/2086-49ea716788100b43.js:0
[    1432ms] [ERROR] Failed to load resource: net::ERR_FAILED @ https://www.purepetfood.com/_next/static/chunks/8021-43de54d6b7332bdc.js:0
[    1433ms] [ERROR] Failed to load resource: net::ERR_FAILED @ https://www.purepetfood.com/_next/static/chunks/7902-e07dcc421755cad9.js:0
[    1434ms] [ERROR] Failed to load resource: net::ERR_FAILED @ https://www.purepetfood.com/_next/static/chunks/5674-cf5328ce3ed71c8e.js:0
[    1434ms] [ERROR] Failed to load resource: net::ERR_FAILED @ https://www.purepetfood.com/_next/static/chunks/2719-7591e9c95fe4452d.js:0
[    1436ms] [ERROR] Failed to load resource: net::ERR_FAILED @ https://www.purepetfood.com/_next/static/chunks/986-ad2ee5ae4c2a011d.js:0
[    1436ms] [ERROR] Failed to load resource: net::ERR_FAILED @ https://www.purepetfood.com/_next/static/chunks/6604-4876b64cff682975.js:0
[    1437ms] [ERROR] Failed to load resource: net::ERR_FAILED @ https://www.purepetfood.com/_next/static/chunks/8675-053c383dbcb7a619.js:0
[    1438ms] [ERROR] Failed to load resource: net::ERR_FAILED @ https://www.purepetfood.com/_next/static/chunks/pages/%5Bid%5D-f035075b5c2924e1.js:0
[    1439ms] [ERROR] Failed to load resource: net::ERR_FAILED @ https://www.purepetfood.com/_next/static/oDMTFosZwKu6tH71TDb7I/_buildManifest.js:0
[    1439ms] [ERROR] Failed to load resource: net::ERR_FAILED @ https://www.purepetfood.com/_next/static/oDMTFosZwKu6tH71TDb7I/_ssgManifest.js:0
[    1500ms] [ERROR] Failed to load resource: net::ERR_FAILED @ https://www.purepetfood.com/.netlify/scripts/rum:0
