[     370ms] [ERROR] Amplitude Logger [Error]: Failed to fetch @ https://www.purepetfood.com/_next/static/chunks/pages/_app-57ccec936cfe8fbc.js:5
[     371ms] [WARNING] Amplitude Logger [Warn]: {code: 0, error: "Status 'failed' provided for 3 events"} @ https://www.purepetfood.com/_next/static/chunks/pages/_app-57ccec936cfe8fbc.js:5
[     563ms] [WARNING] Amplitude Logger [Warn]: Plugin name is undefined. 
      Generating a random UUID for plugin name: 5432b547-0131-4db9-9213-45d63ba87a41. 
      Set a name for the plugin to prevent it from being added multiple times. @ https://www.purepetfood.com/_next/static/chunks/pages/_app-57ccec936cfe8fbc.js:5
[     564ms] [WARNING] Amplitude Logger [Warn]: Plugin with name google-tag-manager already exists, skipping registration @ https://www.purepetfood.com/_next/static/chunks/pages/_app-57ccec936cfe8fbc.js:5
[     564ms] [WARNING] Amplitude Logger [Warn]: Plugin with name @amplitude/plugin-session-replay-browser already exists, skipping registration @ https://www.purepetfood.com/_next/static/chunks/pages/_app-57ccec936cfe8fbc.js:5
[     564ms] [WARNING] Amplitude Logger [Warn]: Plugin name is undefined. 
      Generating a random UUID for plugin name: 9134eafe-1cf6-4e40-a96c-15cc0979720e. 
      Set a name for the plugin to prevent it from being added multiple times. @ https://www.purepetfood.com/_next/static/chunks/pages/_app-57ccec936cfe8fbc.js:5
[     681ms] [WARNING] Amplitude Logger [Warn]: Plugin with name google-tag-manager already exists, skipping registration @ https://www.purepetfood.com/_next/static/chunks/pages/_app-57ccec936cfe8fbc.js:5
[     682ms] [WARNING] Amplitude Logger [Warn]: Plugin with name @amplitude/plugin-session-replay-browser already exists, skipping registration @ https://www.purepetfood.com/_next/static/chunks/pages/_app-57ccec936cfe8fbc.js:5
[     682ms] [WARNING] Amplitude Logger [Warn]: Plugin name is undefined. 
      Generating a random UUID for plugin name: 7cb4b6f4-facf-4689-a122-63ad9623a6f2. 
      Set a name for the plugin to prevent it from being added multiple times. @ https://www.purepetfood.com/_next/static/chunks/pages/_app-57ccec936cfe8fbc.js:5
[    1128ms] [ERROR] Attestation check for Attribution Reporting on https://www.google-analytics.com failed. @ https://www.purepetfood.com/signup:0
[    2919ms] [ERROR] Failed to load resource: net::ERR_CONNECTION_TIMED_OUT @ https://analytics.tiktok.com/i18n/pixel/events.js?sdkid=C5ONCI5ODNNK397VL59G&lib=ttq:0
[   12574ms] [WARNING] The resource https://www.purepetfood.com/_next/static/media/icon-funnel-chubby.70c06268.png was preloaded using link preload but not used within a few seconds from the window's load event. Please make sure it has an appropriate `as` value and it is preloaded intentionally. @ https://www.purepetfood.com/signup:0
[   12574ms] [WARNING] The resource https://www.purepetfood.com/_next/static/media/icon-funnel-overweight.674a6d24.png was preloaded using link preload but not used within a few seconds from the window's load event. Please make sure it has an appropriate `as` value and it is preloaded intentionally. @ https://www.purepetfood.com/signup:0
[   12574ms] [WARNING] The resource https://www.purepetfood.com/_next/static/media/icon-funnel-treats-lots.b4a2c2d8.png was preloaded using link preload but not used within a few seconds from the window's load event. Please make sure it has an appropriate `as` value and it is preloaded intentionally. @ https://www.purepetfood.com/signup:0
[   12574ms] [WARNING] The resource https://www.purepetfood.com/_next/static/media/icon-funnel-skinny.dfdbe3bb.png was preloaded using link preload but not used within a few seconds from the window's load event. Please make sure it has an appropriate `as` value and it is preloaded intentionally. @ https://www.purepetfood.com/signup:0
[   12574ms] [WARNING] The resource https://www.purepetfood.com/_next/static/media/icon-funnel-walking.f37f3eac.png was preloaded using link preload but not used within a few seconds from the window's load event. Please make sure it has an appropriate `as` value and it is preloaded intentionally. @ https://www.purepetfood.com/signup:0
[   12574ms] [WARNING] The resource https://www.purepetfood.com/_next/static/media/icon-funnel-treats-few.f6cf0105.png was preloaded using link preload but not used within a few seconds from the window's load event. Please make sure it has an appropriate `as` value and it is preloaded intentionally. @ https://www.purepetfood.com/signup:0
[   12574ms] [WARNING] The resource https://www.purepetfood.com/_next/static/media/icon-funnel-treats-couple.46048669.png was preloaded using link preload but not used within a few seconds from the window's load event. Please make sure it has an appropriate `as` value and it is preloaded intentionally. @ https://www.purepetfood.com/signup:0
[   12574ms] [WARNING] The resource https://www.purepetfood.com/_next/static/media/icon-funnel-health.bd8a1de9.png was preloaded using link preload but not used within a few seconds from the window's load event. Please make sure it has an appropriate `as` value and it is preloaded intentionally. @ https://www.purepetfood.com/signup:0
[   12574ms] [WARNING] The resource https://www.purepetfood.com/_next/static/media/loading-bowl.7caff3fe.gif was preloaded using link preload but not used within a few seconds from the window's load event. Please make sure it has an appropriate `as` value and it is preloaded intentionally. @ https://www.purepetfood.com/signup:0
[   12574ms] [WARNING] The resource https://www.purepetfood.com/_next/static/media/icon-funnel-right.4145d05b.png was preloaded using link preload but not used within a few seconds from the window's load event. Please make sure it has an appropriate `as` value and it is preloaded intentionally. @ https://www.purepetfood.com/signup:0
[   12574ms] [WARNING] The resource https://www.purepetfood.com/_next/static/media/icon-funnel-sprinting.bd346016.png was preloaded using link preload but not used within a few seconds from the window's load event. Please make sure it has an appropriate `as` value and it is preloaded intentionally. @ https://www.purepetfood.com/signup:0
[   12574ms] [WARNING] The resource https://www.purepetfood.com/_next/static/media/icon-funnel-treats-none.3c1f3821.png was preloaded using link preload but not used within a few seconds from the window's load event. Please make sure it has an appropriate `as` value and it is preloaded intentionally. @ https://www.purepetfood.com/signup:0
[   12574ms] [WARNING] The resource https://www.purepetfood.com/_next/static/media/icon-funnel-not-neutered.18dcc04e.png was preloaded using link preload but not used within a few seconds from the window's load event. Please make sure it has an appropriate `as` value and it is preloaded intentionally. @ https://www.purepetfood.com/signup:0
[   12574ms] [WARNING] The resource https://www.purepetfood.com/_next/static/media/icon-funnel-sitting.39fd7d2f.png was preloaded using link preload but not used within a few seconds from the window's load event. Please make sure it has an appropriate `as` value and it is preloaded intentionally. @ https://www.purepetfood.com/signup:0
[   12574ms] [WARNING] The resource https://www.purepetfood.com/_next/static/media/icon-funnel-neutered.5ec3d5ef.png was preloaded using link preload but not used within a few seconds from the window's load event. Please make sure it has an appropriate `as` value and it is preloaded intentionally. @ https://www.purepetfood.com/signup:0
[   12574ms] [WARNING] The resource https://www.purepetfood.com/_next/static/media/icon-funnel-running.2090f5a5.png was preloaded using link preload but not used within a few seconds from the window's load event. Please make sure it has an appropriate `as` value and it is preloaded intentionally. @ https://www.purepetfood.com/signup:0
[   12574ms] [WARNING] The resource https://www.purepetfood.com/_next/static/media/icon-funnel-boy.5e2f1f7a.png was preloaded using link preload but not used within a few seconds from the window's load event. Please make sure it has an appropriate `as` value and it is preloaded intentionally. @ https://www.purepetfood.com/signup:0
[   12574ms] [WARNING] The resource https://www.purepetfood.com/_next/static/media/icon-funnel-girl.e62dd3a2.png was preloaded using link preload but not used within a few seconds from the window's load event. Please make sure it has an appropriate `as` value and it is preloaded intentionally. @ https://www.purepetfood.com/signup:0
