[  484848ms] [WARNING] Image with src "https://www.purepetfood.com/images/logo.png" has either width or height modified, but not the other. If you use CSS to change the size of your image, also include the styles 'width: "auto"' or 'height: "auto"' to maintain the aspect ratio. @ webpack-internal:///(app-pages-browser)/./node_modules/next/dist/shared/lib/utils/warn-once.js:15
[ 1133100ms] [WARNING] Image with src "https://www.purepetfood.com/images/logo.png" has either width or height modified, but not the other. If you use CSS to change the size of your image, also include the styles 'width: "auto"' or 'height: "auto"' to maintain the aspect ratio. @ webpack-internal:///(app-pages-browser)/./node_modules/next/dist/shared/lib/utils/warn-once.js:15
[ 1167948ms] [WARNING] [Fast Refresh] performing full reload

Fast Refresh will perform a full reload when you edit a file that's imported by modules outside of the React rendering tree.
You might have a file which exports a React component but also exports a value that is imported by a non-React component file.
Consider migrating the non-React component export to a separate file and importing it into both files.

It is also possible the parent component of the component you edited is a class component, which disables Fast Refresh.
Fast Refresh requires at least one parent function component in your React tree. @ webpack-internal:///(app-pages-browser)/./node_modules/next/dist/client/components/react-dev-overlay/app/hot-reloader-client.js:112
[ 1168344ms] [ERROR] Failed to fetch RSC payload for http://localhost:3001/admin/store-editor. Falling back to browser navigation. ReferenceError: ICON_PATHS is not defined
    at eval (webpack-internal:///(app-pages-browser)/./src/app/admin/store-editor/page.tsx:18:15)
    at (app-pages-browser)/./src/app/admin/store-editor/page.tsx (http://localhost:3001/_next/static/webpack/app/admin/store-editor/page.91c527c71b225b31.hot-update.js:18:1)
    at options.factory (http://localhost:3001/_next/static/chunks/webpack.js?v=1774170432694:715:31)
    at __webpack_require__ (http://localhost:3001/_next/static/chunks/webpack.js?v=1774170432694:37:33)
    at fn (http://localhost:3001/_next/static/chunks/webpack.js?v=1774170432694:371:21)
    at requireAsyncModule (webpack-internal:///(app-pages-browser)/./node_modules/next/dist/compiled/react-server-dom-webpack/cjs/react-server-dom-webpack-client.browser.development.js:134:17)
    at preloadModule (webpack-internal:///(app-pages-browser)/./node_modules/next/dist/compiled/react-server-dom-webpack/cjs/react-server-dom-webpack-client.browser.development.js:186:14)
    at resolveModule (webpack-internal:///(app-pages-browser)/./node_modules/next/dist/compiled/react-server-dom-webpack/cjs/react-server-dom-webpack-client.browser.development.js:1819:17)
    at processFullRow (webpack-internal:///(app-pages-browser)/./node_modules/next/dist/compiled/react-server-dom-webpack/cjs/react-server-dom-webpack-client.browser.development.js:1908:9)
    at processBinaryChunk (webpack-internal:///(app-pages-browser)/./node_modules/next/dist/compiled/react-server-dom-webpack/cjs/react-server-dom-webpack-client.browser.development.js:2078:7)
    at progress (webpack-internal:///(app-pages-browser)/./node_modules/next/dist/compiled/react-server-dom-webpack/cjs/react-server-dom-webpack-client.browser.development.js:2159:5) @ webpack-internal:///(app-pages-browser)/./node_modules/next/dist/client/app-index.js:32
[ 1168610ms] [ERROR] Failed to load resource: the server responded with a status of 500 (Internal Server Error) @ http://localhost:3001/admin/store-editor:0
[ 1169152ms] ReferenceError: ICON_PATHS is not defined
    at eval (webpack-internal:///(app-pages-browser)/./src/app/admin/store-editor/page.tsx:18:15)
    at (app-pages-browser)/./src/app/admin/store-editor/page.tsx (http://localhost:3001/_next/static/chunks/app/admin/store-editor/page.js:390:1)
    at options.factory (http://localhost:3001/_next/static/chunks/webpack.js:715:31)
    at __webpack_require__ (http://localhost:3001/_next/static/chunks/webpack.js:37:33)
    at fn (http://localhost:3001/_next/static/chunks/webpack.js:371:21)
    at requireAsyncModule (webpack-internal:///(app-pages-browser)/./node_modules/next/dist/compiled/react-server-dom-webpack/cjs/react-server-dom-webpack-client.browser.development.js:134:17)
    at eval (webpack-internal:///(app-pages-browser)/./node_modules/next/dist/compiled/react-server-dom-webpack/cjs/react-server-dom-webpack-client.browser.development.js:189:16)
[ 1169157ms] ReferenceError: ICON_PATHS is not defined
    at eval (webpack-internal:///(app-pages-browser)/./src/app/admin/store-editor/page.tsx:18:15)
    at (app-pages-browser)/./src/app/admin/store-editor/page.tsx (http://localhost:3001/_next/static/chunks/app/admin/store-editor/page.js:390:1)
    at options.factory (http://localhost:3001/_next/static/chunks/webpack.js:715:31)
    at __webpack_require__ (http://localhost:3001/_next/static/chunks/webpack.js:37:33)
    at fn (http://localhost:3001/_next/static/chunks/webpack.js:371:21)
    at requireAsyncModule (webpack-internal:///(app-pages-browser)/./node_modules/next/dist/compiled/react-server-dom-webpack/cjs/react-server-dom-webpack-client.browser.development.js:134:17)
    at eval (webpack-internal:///(app-pages-browser)/./node_modules/next/dist/compiled/react-server-dom-webpack/cjs/react-server-dom-webpack-client.browser.development.js:189:16)
[ 1169161ms] [ERROR] The above error occurred in the <ServerRoot> component:

    at ServerRoot (webpack-internal:///(app-pages-browser)/./node_modules/next/dist/client/app-index.js:112:27)
    at Root (webpack-internal:///(app-pages-browser)/./node_modules/next/dist/client/app-index.js:117:11)
    at ReactDevOverlay (webpack-internal:///(app-pages-browser)/./node_modules/next/dist/client/components/react-dev-overlay/app/ReactDevOverlay.js:87:9)

React will try to recreate this component tree from scratch using the error boundary you provided, ReactDevOverlay. @ webpack-internal:///(app-pages-browser)/./node_modules/next/dist/client/app-index.js:32
[ 1169179ms] ReferenceError: ICON_PATHS is not defined
    at eval (webpack-internal:///(app-pages-browser)/./src/app/admin/store-editor/page.tsx:18:15)
    at (app-pages-browser)/./src/app/admin/store-editor/page.tsx (http://localhost:3001/_next/static/chunks/app/admin/store-editor/page.js:390:1)
    at options.factory (http://localhost:3001/_next/static/chunks/webpack.js:715:31)
    at __webpack_require__ (http://localhost:3001/_next/static/chunks/webpack.js:37:33)
    at fn (http://localhost:3001/_next/static/chunks/webpack.js:371:21)
[ 1172696ms] [WARNING] The resource http://localhost:3001/_next/static/css/app/layout.css?v=1774171601206 was preloaded using link preload but not used within a few seconds from the window's load event. Please make sure it has an appropriate `as` value and it is preloaded intentionally. @ http://localhost:3001/admin/store-editor:0
[ 1178795ms] [ERROR] Failed to load resource: the server responded with a status of 500 (Internal Server Error) @ http://localhost:3001/admin/store-editor:0
[ 1179156ms] ReferenceError: ICON_PATHS is not defined
    at eval (webpack-internal:///(app-pages-browser)/./src/app/admin/store-editor/page.tsx:18:15)
    at (app-pages-browser)/./src/app/admin/store-editor/page.tsx (http://localhost:3001/_next/static/chunks/app/admin/store-editor/page.js:390:1)
    at options.factory (http://localhost:3001/_next/static/chunks/webpack.js:715:31)
    at __webpack_require__ (http://localhost:3001/_next/static/chunks/webpack.js:37:33)
    at fn (http://localhost:3001/_next/static/chunks/webpack.js:371:21)
    at requireAsyncModule (webpack-internal:///(app-pages-browser)/./node_modules/next/dist/compiled/react-server-dom-webpack/cjs/react-server-dom-webpack-client.browser.development.js:134:17)
    at eval (webpack-internal:///(app-pages-browser)/./node_modules/next/dist/compiled/react-server-dom-webpack/cjs/react-server-dom-webpack-client.browser.development.js:189:16)
[ 1179158ms] ReferenceError: ICON_PATHS is not defined
    at eval (webpack-internal:///(app-pages-browser)/./src/app/admin/store-editor/page.tsx:18:15)
    at (app-pages-browser)/./src/app/admin/store-editor/page.tsx (http://localhost:3001/_next/static/chunks/app/admin/store-editor/page.js:390:1)
    at options.factory (http://localhost:3001/_next/static/chunks/webpack.js:715:31)
    at __webpack_require__ (http://localhost:3001/_next/static/chunks/webpack.js:37:33)
    at fn (http://localhost:3001/_next/static/chunks/webpack.js:371:21)
    at requireAsyncModule (webpack-internal:///(app-pages-browser)/./node_modules/next/dist/compiled/react-server-dom-webpack/cjs/react-server-dom-webpack-client.browser.development.js:134:17)
    at eval (webpack-internal:///(app-pages-browser)/./node_modules/next/dist/compiled/react-server-dom-webpack/cjs/react-server-dom-webpack-client.browser.development.js:189:16)
[ 1179150ms] [ERROR] The above error occurred in the <ServerRoot> component:

    at ServerRoot (webpack-internal:///(app-pages-browser)/./node_modules/next/dist/client/app-index.js:112:27)
    at Root (webpack-internal:///(app-pages-browser)/./node_modules/next/dist/client/app-index.js:117:11)
    at ReactDevOverlay (webpack-internal:///(app-pages-browser)/./node_modules/next/dist/client/components/react-dev-overlay/app/ReactDevOverlay.js:87:9)

React will try to recreate this component tree from scratch using the error boundary you provided, ReactDevOverlay. @ webpack-internal:///(app-pages-browser)/./node_modules/next/dist/client/app-index.js:32
[ 1179162ms] ReferenceError: ICON_PATHS is not defined
    at eval (webpack-internal:///(app-pages-browser)/./src/app/admin/store-editor/page.tsx:18:15)
    at (app-pages-browser)/./src/app/admin/store-editor/page.tsx (http://localhost:3001/_next/static/chunks/app/admin/store-editor/page.js:390:1)
    at options.factory (http://localhost:3001/_next/static/chunks/webpack.js:715:31)
    at __webpack_require__ (http://localhost:3001/_next/static/chunks/webpack.js:37:33)
    at fn (http://localhost:3001/_next/static/chunks/webpack.js:371:21)
[ 1182308ms] [WARNING] The resource http://localhost:3001/_next/static/css/app/layout.css?v=1774171611360 was preloaded using link preload but not used within a few seconds from the window's load event. Please make sure it has an appropriate `as` value and it is preloaded intentionally. @ http://localhost:3001/admin/store-editor:0
[ 1185109ms] [ERROR] Failed to load resource: the server responded with a status of 404 (Not Found) @ http://localhost:3001/admin/store-editor:0
[ 1185144ms] [ERROR] Failed to load resource: the server responded with a status of 404 (Not Found) @ http://localhost:3001/_next/static/css/app/layout.css?v=1774171617722:0
[ 1185189ms] [ERROR] Failed to load resource: the server responded with a status of 404 (Not Found) @ http://localhost:3001/_next/static/chunks/app-pages-internals.js:0
[ 1185190ms] [ERROR] Failed to load resource: the server responded with a status of 404 (Not Found) @ http://localhost:3001/_next/static/chunks/main-app.js?v=1774171617722:0
[ 1185273ms] [ERROR] Failed to load resource: the server responded with a status of 404 (Not Found) @ http://localhost:3001/favicon.ico:0
