[     251ms] [ERROR] Failed to load resource: net::ERR_FAILED @ https://widget.trustpilot.com/bootstrap/v5/tp.widget.bootstrap.min.js:0
[     258ms] [ERROR] Failed to load resource: net::ERR_FAILED @ https://www.purepetfood.com/_next/static/chunks/webpack-43817b7636b43062.js:0
[     259ms] [ERROR] Failed to load resource: net::ERR_FAILED @ https://www.purepetfood.com/_next/static/chunks/framework-043cd816f72637e7.js:0
[     260ms] [ERROR] Failed to load resource: net::ERR_FAILED @ https://www.purepetfood.com/_next/static/chunks/main-90c943289de07b17.js:0
[     261ms] [ERROR] Failed to load resource: net::ERR_FAILED @ https://www.purepetfood.com/_next/static/chunks/pages/_app-8a4735346d63482b.js:0
[     262ms] [ERROR] Failed to load resource: net::ERR_FAILED @ https://www.purepetfood.com/_next/static/chunks/8907-a23a5766c6c2d2af.js:0
[     262ms] [ERROR] Failed to load resource: net::ERR_FAILED @ https://www.purepetfood.com/_next/static/chunks/2985-bbe7614beeaaf4ff.js:0
[     263ms] [ERROR] Failed to load resource: net::ERR_FAILED @ https://www.purepetfood.com/_next/static/chunks/2086-49ea716788100b43.js:0
[     264ms] [ERROR] Failed to load resource: net::ERR_FAILED @ https://www.purepetfood.com/_next/static/chunks/402-2c287be393511b0b.js:0
[     265ms] [ERROR] Failed to load resource: net::ERR_FAILED @ https://www.purepetfood.com/_next/static/chunks/7902-e07dcc421755cad9.js:0
[     265ms] [ERROR] Failed to load resource: net::ERR_FAILED @ https://www.purepetfood.com/_next/static/chunks/5674-cf5328ce3ed71c8e.js:0
[     266ms] [ERROR] Failed to load resource: net::ERR_FAILED @ https://www.purepetfood.com/_next/static/chunks/2719-7591e9c95fe4452d.js:0
[     267ms] [ERROR] Failed to load resource: net::ERR_FAILED @ https://www.purepetfood.com/_next/static/chunks/986-ad2ee5ae4c2a011d.js:0
[     268ms] [ERROR] Failed to load resource: net::ERR_FAILED @ https://www.purepetfood.com/_next/static/chunks/6604-4876b64cff682975.js:0
[     268ms] [ERROR] Failed to load resource: net::ERR_FAILED @ https://www.purepetfood.com/_next/static/chunks/8675-053c383dbcb7a619.js:0
[     269ms] [ERROR] Failed to load resource: net::ERR_FAILED @ https://www.purepetfood.com/_next/static/chunks/pages/index-98159f877e0bc84a.js:0
[     270ms] [ERROR] Failed to load resource: net::ERR_FAILED @ https://www.purepetfood.com/_next/static/oDMTFosZwKu6tH71TDb7I/_buildManifest.js:0
[     271ms] [ERROR] Failed to load resource: net::ERR_FAILED @ https://www.purepetfood.com/_next/static/oDMTFosZwKu6tH71TDb7I/_ssgManifest.js:0
[     285ms] [ERROR] Failed to load resource: net::ERR_FAILED @ https://www.purepetfood.com/.netlify/scripts/rum:0
[     795ms] [ERROR] Failed to load resource: net::ERR_FAILED @ https://widget.trustpilot.com/bootstrap/v5/tp.widget.bootstrap.min.js:0
[     803ms] [ERROR] Failed to load resource: net::ERR_FAILED @ https://www.purepetfood.com/_next/static/chunks/webpack-43817b7636b43062.js:0
[     804ms] [ERROR] Failed to load resource: net::ERR_FAILED @ https://www.purepetfood.com/_next/static/chunks/framework-043cd816f72637e7.js:0
[     805ms] [ERROR] Failed to load resource: net::ERR_FAILED @ https://www.purepetfood.com/_next/static/chunks/main-90c943289de07b17.js:0
[     806ms] [ERROR] Failed to load resource: net::ERR_FAILED @ https://www.purepetfood.com/_next/static/chunks/pages/_app-8a4735346d63482b.js:0
[     806ms] [ERROR] Failed to load resource: net::ERR_FAILED @ https://www.purepetfood.com/_next/static/chunks/8907-a23a5766c6c2d2af.js:0
[     807ms] [ERROR] Failed to load resource: net::ERR_FAILED @ https://www.purepetfood.com/_next/static/chunks/2985-bbe7614beeaaf4ff.js:0
[     808ms] [ERROR] Failed to load resource: net::ERR_FAILED @ https://www.purepetfood.com/_next/static/chunks/2086-49ea716788100b43.js:0
[     811ms] [ERROR] Failed to load resource: net::ERR_FAILED @ https://www.purepetfood.com/_next/static/chunks/8021-43de54d6b7332bdc.js:0
[     812ms] [ERROR] Failed to load resource: net::ERR_FAILED @ https://www.purepetfood.com/_next/static/chunks/7902-e07dcc421755cad9.js:0
[     816ms] [ERROR] Failed to load resource: net::ERR_FAILED @ https://www.purepetfood.com/_next/static/chunks/5674-cf5328ce3ed71c8e.js:0
[     816ms] [ERROR] Failed to load resource: net::ERR_FAILED @ https://www.purepetfood.com/_next/static/chunks/2719-7591e9c95fe4452d.js:0
[     817ms] [ERROR] Failed to load resource: net::ERR_FAILED @ https://www.purepetfood.com/_next/static/chunks/986-ad2ee5ae4c2a011d.js:0
[     818ms] [ERROR] Failed to load resource: net::ERR_FAILED @ https://www.purepetfood.com/_next/static/chunks/6604-4876b64cff682975.js:0
[     819ms] [ERROR] Failed to load resource: net::ERR_FAILED @ https://www.purepetfood.com/_next/static/chunks/8675-053c383dbcb7a619.js:0
[     820ms] [ERROR] Failed to load resource: net::ERR_FAILED @ https://www.purepetfood.com/_next/static/chunks/pages/%5Bid%5D-f035075b5c2924e1.js:0
[     821ms] [ERROR] Failed to load resource: net::ERR_FAILED @ https://www.purepetfood.com/_next/static/oDMTFosZwKu6tH71TDb7I/_buildManifest.js:0
[     821ms] [ERROR] Failed to load resource: net::ERR_FAILED @ https://www.purepetfood.com/_next/static/oDMTFosZwKu6tH71TDb7I/_ssgManifest.js:0
[     834ms] [ERROR] Failed to load resource: net::ERR_FAILED @ https://www.purepetfood.com/.netlify/scripts/rum:0
[    4956ms] [ERROR] Failed to load resource: net::ERR_FAILED @ https://widget.trustpilot.com/bootstrap/v5/tp.widget.bootstrap.min.js:0
[    4975ms] [ERROR] Failed to load resource: net::ERR_FAILED @ https://www.purepetfood.com/_next/static/chunks/webpack-43817b7636b43062.js:0
[    4976ms] [ERROR] Failed to load resource: net::ERR_FAILED @ https://www.purepetfood.com/_next/static/chunks/framework-043cd816f72637e7.js:0
[    4978ms] [ERROR] Failed to load resource: net::ERR_FAILED @ https://www.purepetfood.com/_next/static/chunks/main-90c943289de07b17.js:0
[    4983ms] [ERROR] Failed to load resource: net::ERR_FAILED @ https://www.purepetfood.com/_next/static/chunks/pages/_app-8a4735346d63482b.js:0
[    4984ms] [ERROR] Failed to load resource: net::ERR_FAILED @ https://www.purepetfood.com/_next/static/chunks/8907-a23a5766c6c2d2af.js:0
[    4985ms] [ERROR] Failed to load resource: net::ERR_FAILED @ https://www.purepetfood.com/_next/static/chunks/2985-bbe7614beeaaf4ff.js:0
[    4986ms] [ERROR] Failed to load resource: net::ERR_FAILED @ https://www.purepetfood.com/_next/static/chunks/2086-49ea716788100b43.js:0
[    4988ms] [ERROR] Failed to load resource: net::ERR_FAILED @ https://www.purepetfood.com/_next/static/chunks/402-2c287be393511b0b.js:0
[    4989ms] [ERROR] Failed to load resource: net::ERR_FAILED @ https://www.purepetfood.com/_next/static/chunks/7902-e07dcc421755cad9.js:0
[    4990ms] [ERROR] Failed to load resource: net::ERR_FAILED @ https://www.purepetfood.com/_next/static/chunks/5674-cf5328ce3ed71c8e.js:0
[    4991ms] [ERROR] Failed to load resource: net::ERR_FAILED @ https://www.purepetfood.com/_next/static/chunks/2719-7591e9c95fe4452d.js:0
[    4992ms] [ERROR] Failed to load resource: net::ERR_FAILED @ https://www.purepetfood.com/_next/static/chunks/986-ad2ee5ae4c2a011d.js:0
[    4993ms] [ERROR] Failed to load resource: net::ERR_FAILED @ https://www.purepetfood.com/_next/static/chunks/6604-4876b64cff682975.js:0
[    4994ms] [ERROR] Failed to load resource: net::ERR_FAILED @ https://www.purepetfood.com/_next/static/chunks/8675-053c383dbcb7a619.js:0
[    4996ms] [ERROR] Failed to load resource: net::ERR_FAILED @ https://www.purepetfood.com/_next/static/chunks/pages/index-98159f877e0bc84a.js:0
[    4999ms] [ERROR] Failed to load resource: net::ERR_FAILED @ https://www.purepetfood.com/_next/static/oDMTFosZwKu6tH71TDb7I/_buildManifest.js:0
[    5000ms] [ERROR] Failed to load resource: net::ERR_FAILED @ https://www.purepetfood.com/_next/static/oDMTFosZwKu6tH71TDb7I/_ssgManifest.js:0
[    5014ms] [ERROR] Failed to load resource: net::ERR_FAILED @ https://www.purepetfood.com/.netlify/scripts/rum:0
[    7181ms] [ERROR] Failed to load resource: net::ERR_FAILED @ https://widget.trustpilot.com/bootstrap/v5/tp.widget.bootstrap.min.js:0
[    7196ms] [ERROR] Failed to load resource: net::ERR_FAILED @ https://www.purepetfood.com/_next/static/chunks/webpack-43817b7636b43062.js:0
[    7196ms] [ERROR] Failed to load resource: net::ERR_FAILED @ https://www.purepetfood.com/_next/static/chunks/framework-043cd816f72637e7.js:0
[    7197ms] [ERROR] Failed to load resource: net::ERR_FAILED @ https://www.purepetfood.com/_next/static/chunks/main-90c943289de07b17.js:0
[    7198ms] [ERROR] Failed to load resource: net::ERR_FAILED @ https://www.purepetfood.com/_next/static/chunks/pages/_app-8a4735346d63482b.js:0
[    7200ms] [ERROR] Failed to load resource: net::ERR_FAILED @ https://www.purepetfood.com/_next/static/chunks/8907-a23a5766c6c2d2af.js:0
[    7200ms] [ERROR] Failed to load resource: net::ERR_FAILED @ https://www.purepetfood.com/_next/static/chunks/2985-bbe7614beeaaf4ff.js:0
[    7201ms] [ERROR] Failed to load resource: net::ERR_FAILED @ https://www.purepetfood.com/_next/static/chunks/2086-49ea716788100b43.js:0
[    7203ms] [ERROR] Failed to load resource: net::ERR_FAILED @ https://www.purepetfood.com/_next/static/chunks/402-2c287be393511b0b.js:0
[    7206ms] [ERROR] Failed to load resource: net::ERR_FAILED @ https://www.purepetfood.com/_next/static/chunks/7902-e07dcc421755cad9.js:0
[    7208ms] [ERROR] Failed to load resource: net::ERR_FAILED @ https://www.purepetfood.com/_next/static/chunks/5674-cf5328ce3ed71c8e.js:0
[    7212ms] [ERROR] Failed to load resource: net::ERR_FAILED @ https://www.purepetfood.com/_next/static/chunks/2719-7591e9c95fe4452d.js:0
[    7214ms] [ERROR] Failed to load resource: net::ERR_FAILED @ https://www.purepetfood.com/_next/static/chunks/986-ad2ee5ae4c2a011d.js:0
[    7216ms] [ERROR] Failed to load resource: net::ERR_FAILED @ https://www.purepetfood.com/_next/static/chunks/6604-4876b64cff682975.js:0
[    7217ms] [ERROR] Failed to load resource: net::ERR_FAILED @ https://www.purepetfood.com/_next/static/chunks/8675-053c383dbcb7a619.js:0
[    7218ms] [ERROR] Failed to load resource: net::ERR_FAILED @ https://www.purepetfood.com/_next/static/chunks/pages/index-98159f877e0bc84a.js:0
[    7220ms] [ERROR] Failed to load resource: net::ERR_FAILED @ https://www.purepetfood.com/_next/static/oDMTFosZwKu6tH71TDb7I/_buildManifest.js:0
[    7223ms] [ERROR] Failed to load resource: net::ERR_FAILED @ https://www.purepetfood.com/_next/static/oDMTFosZwKu6tH71TDb7I/_ssgManifest.js:0
[    7237ms] [ERROR] Failed to load resource: net::ERR_FAILED @ https://www.purepetfood.com/.netlify/scripts/rum:0
[    7722ms] [ERROR] Failed to load resource: net::ERR_FAILED @ https://widget.trustpilot.com/bootstrap/v5/tp.widget.bootstrap.min.js:0
[    7737ms] [ERROR] Failed to load resource: net::ERR_FAILED @ https://www.purepetfood.com/_next/static/chunks/webpack-43817b7636b43062.js:0
[    7737ms] [ERROR] Failed to load resource: net::ERR_FAILED @ https://www.purepetfood.com/_next/static/chunks/framework-043cd816f72637e7.js:0
[    7738ms] [ERROR] Failed to load resource: net::ERR_FAILED @ https://www.purepetfood.com/_next/static/chunks/main-90c943289de07b17.js:0
[    7739ms] [ERROR] Failed to load resource: net::ERR_FAILED @ https://www.purepetfood.com/_next/static/chunks/pages/_app-8a4735346d63482b.js:0
[    7740ms] [ERROR] Failed to load resource: net::ERR_FAILED @ https://www.purepetfood.com/_next/static/chunks/8907-a23a5766c6c2d2af.js:0
[    7740ms] [ERROR] Failed to load resource: net::ERR_FAILED @ https://www.purepetfood.com/_next/static/chunks/2985-bbe7614beeaaf4ff.js:0
[    7741ms] [ERROR] Failed to load resource: net::ERR_FAILED @ https://www.purepetfood.com/_next/static/chunks/2086-49ea716788100b43.js:0
[    7742ms] [ERROR] Failed to load resource: net::ERR_FAILED @ https://www.purepetfood.com/_next/static/chunks/8021-43de54d6b7332bdc.js:0
[    7743ms] [ERROR] Failed to load resource: net::ERR_FAILED @ https://www.purepetfood.com/_next/static/chunks/7902-e07dcc421755cad9.js:0
[    7743ms] [ERROR] Failed to load resource: net::ERR_FAILED @ https://www.purepetfood.com/_next/static/chunks/5674-cf5328ce3ed71c8e.js:0
[    7744ms] [ERROR] Failed to load resource: net::ERR_FAILED @ https://www.purepetfood.com/_next/static/chunks/2719-7591e9c95fe4452d.js:0
[    7745ms] [ERROR] Failed to load resource: net::ERR_FAILED @ https://www.purepetfood.com/_next/static/chunks/986-ad2ee5ae4c2a011d.js:0
[    7746ms] [ERROR] Failed to load resource: net::ERR_FAILED @ https://www.purepetfood.com/_next/static/chunks/6604-4876b64cff682975.js:0
[    7746ms] [ERROR] Failed to load resource: net::ERR_FAILED @ https://www.purepetfood.com/_next/static/chunks/8675-053c383dbcb7a619.js:0
[    7748ms] [ERROR] Failed to load resource: net::ERR_FAILED @ https://www.purepetfood.com/_next/static/chunks/pages/%5Bid%5D-f035075b5c2924e1.js:0
[    7748ms] [ERROR] Failed to load resource: net::ERR_FAILED @ https://www.purepetfood.com/_next/static/oDMTFosZwKu6tH71TDb7I/_buildManifest.js:0
[    7749ms] [ERROR] Failed to load resource: net::ERR_FAILED @ https://www.purepetfood.com/_next/static/oDMTFosZwKu6tH71TDb7I/_ssgManifest.js:0
[    7818ms] [ERROR] Failed to load resource: net::ERR_FAILED @ https://www.purepetfood.com/.netlify/scripts/rum:0
