[    2476ms] Error: Minified React error #418; visit https://react.dev/errors/418?args[]=HTML&args[]= for the full message or use the non-minified dev environment for full errors and additional helpful warnings.
    at rO (https://www.purepetfood.com/_next/static/chunks/framework-043cd816f72637e7.js:1:35397)
    at oG (https://www.purepetfood.com/_next/static/chunks/framework-043cd816f72637e7.js:1:85443)
    at sw (https://www.purepetfood.com/_next/static/chunks/framework-043cd816f72637e7.js:1:116530)
    at https://www.purepetfood.com/_next/static/chunks/framework-043cd816f72637e7.js:1:116375
    at sS (https://www.purepetfood.com/_next/static/chunks/framework-043cd816f72637e7.js:1:116383)
    at sc (https://www.purepetfood.com/_next/static/chunks/framework-043cd816f72637e7.js:1:111758)
    at sJ (https://www.purepetfood.com/_next/static/chunks/framework-043cd816f72637e7.js:1:134896)
    at MessagePort._ (https://www.purepetfood.com/_next/static/chunks/framework-043cd816f72637e7.js:1:371091)
[    2718ms] [WARNING] Amplitude Logger [Warn]: Plugin name is undefined. 
      Generating a random UUID for plugin name: c0adff5b-086c-4292-bacd-9b69d4a665e4. 
      Set a name for the plugin to prevent it from being added multiple times. @ https://www.purepetfood.com/_next/static/chunks/pages/_app-b69061ea9952a858.js:5
[    2718ms] [WARNING] Amplitude Logger [Warn]: Plugin with name google-tag-manager already exists, skipping registration @ https://www.purepetfood.com/_next/static/chunks/pages/_app-b69061ea9952a858.js:5
[    2718ms] [WARNING] Amplitude Logger [Warn]: Plugin with name @amplitude/plugin-session-replay-browser already exists, skipping registration @ https://www.purepetfood.com/_next/static/chunks/pages/_app-b69061ea9952a858.js:5
[    2718ms] [WARNING] Amplitude Logger [Warn]: Plugin name is undefined. 
      Generating a random UUID for plugin name: 9619899c-0aff-4dcd-acf2-71cf878c7aae. 
      Set a name for the plugin to prevent it from being added multiple times. @ https://www.purepetfood.com/_next/static/chunks/pages/_app-b69061ea9952a858.js:5
[   18124ms] [WARNING] Amplitude Logger [Warn]: Plugin with name google-tag-manager already exists, skipping registration @ https://www.purepetfood.com/_next/static/chunks/pages/_app-b69061ea9952a858.js:5
[   18126ms] [WARNING] Amplitude Logger [Warn]: Plugin with name @amplitude/plugin-session-replay-browser already exists, skipping registration @ https://www.purepetfood.com/_next/static/chunks/pages/_app-b69061ea9952a858.js:5
[   18126ms] [WARNING] Amplitude Logger [Warn]: Plugin name is undefined. 
      Generating a random UUID for plugin name: 33146bf8-0988-4db1-800e-ca83e7ca7c95. 
      Set a name for the plugin to prevent it from being added multiple times. @ https://www.purepetfood.com/_next/static/chunks/pages/_app-b69061ea9952a858.js:5
[   18208ms] [WARNING] Amplitude Logger [Warn]: Plugin with name google-tag-manager already exists, skipping registration @ https://www.purepetfood.com/_next/static/chunks/pages/_app-b69061ea9952a858.js:5
[   18208ms] [WARNING] Amplitude Logger [Warn]: Plugin with name @amplitude/plugin-session-replay-browser already exists, skipping registration @ https://www.purepetfood.com/_next/static/chunks/pages/_app-b69061ea9952a858.js:5
[   18209ms] [WARNING] Amplitude Logger [Warn]: Plugin name is undefined. 
      Generating a random UUID for plugin name: 384424c1-daa4-4f2f-b1a4-8c40a8c2f71b. 
      Set a name for the plugin to prevent it from being added multiple times. @ https://www.purepetfood.com/_next/static/chunks/pages/_app-b69061ea9952a858.js:5
[   18562ms] [ERROR] Attestation check for Attribution Reporting on https://www.google-analytics.com failed. @ https://www.purepetfood.com/signup:0
