[     155ms] [ERROR] Failed to load resource: net::ERR_FAILED @ https://widget.trustpilot.com/bootstrap/v5/tp.widget.bootstrap.min.js:0
[     160ms] [ERROR] Failed to load resource: net::ERR_FAILED @ https://www.purepetfood.com/_next/static/chunks/webpack-43817b7636b43062.js:0
[     160ms] [ERROR] Failed to load resource: net::ERR_FAILED @ https://www.purepetfood.com/_next/static/chunks/framework-043cd816f72637e7.js:0
[     161ms] [ERROR] Failed to load resource: net::ERR_FAILED @ https://www.purepetfood.com/_next/static/chunks/main-90c943289de07b17.js:0
[     162ms] [ERROR] Failed to load resource: net::ERR_FAILED @ https://www.purepetfood.com/_next/static/chunks/pages/_app-8a4735346d63482b.js:0
[     163ms] [ERROR] Failed to load resource: net::ERR_FAILED @ https://www.purepetfood.com/_next/static/chunks/8907-a23a5766c6c2d2af.js:0
[     164ms] [ERROR] Failed to load resource: net::ERR_FAILED @ https://www.purepetfood.com/_next/static/chunks/2985-bbe7614beeaaf4ff.js:0
[     165ms] [ERROR] Failed to load resource: net::ERR_FAILED @ https://www.purepetfood.com/_next/static/chunks/2086-49ea716788100b43.js:0
[     165ms] [ERROR] Failed to load resource: net::ERR_FAILED @ https://www.purepetfood.com/_next/static/chunks/402-2c287be393511b0b.js:0
[     166ms] [ERROR] Failed to load resource: net::ERR_FAILED @ https://www.purepetfood.com/_next/static/chunks/7902-e07dcc421755cad9.js:0
[     167ms] [ERROR] Failed to load resource: net::ERR_FAILED @ https://www.purepetfood.com/_next/static/chunks/5674-cf5328ce3ed71c8e.js:0
[     168ms] [ERROR] Failed to load resource: net::ERR_FAILED @ https://www.purepetfood.com/_next/static/chunks/2719-7591e9c95fe4452d.js:0
[     169ms] [ERROR] Failed to load resource: net::ERR_FAILED @ https://www.purepetfood.com/_next/static/chunks/986-ad2ee5ae4c2a011d.js:0
[     169ms] [ERROR] Failed to load resource: net::ERR_FAILED @ https://www.purepetfood.com/_next/static/chunks/6604-4876b64cff682975.js:0
[     170ms] [ERROR] Failed to load resource: net::ERR_FAILED @ https://www.purepetfood.com/_next/static/chunks/8675-053c383dbcb7a619.js:0
[     171ms] [ERROR] Failed to load resource: net::ERR_FAILED @ https://www.purepetfood.com/_next/static/chunks/pages/index-98159f877e0bc84a.js:0
[     171ms] [ERROR] Failed to load resource: net::ERR_FAILED @ https://www.purepetfood.com/_next/static/oDMTFosZwKu6tH71TDb7I/_buildManifest.js:0
[     172ms] [ERROR] Failed to load resource: net::ERR_FAILED @ https://www.purepetfood.com/_next/static/oDMTFosZwKu6tH71TDb7I/_ssgManifest.js:0
[     186ms] [ERROR] Failed to load resource: net::ERR_FAILED @ https://www.purepetfood.com/.netlify/scripts/rum:0
[     556ms] [ERROR] Failed to load resource: net::ERR_FAILED @ https://widget.trustpilot.com/bootstrap/v5/tp.widget.bootstrap.min.js:0
[     564ms] [ERROR] Failed to load resource: net::ERR_FAILED @ https://www.purepetfood.com/_next/static/chunks/webpack-43817b7636b43062.js:0
[     565ms] [ERROR] Failed to load resource: net::ERR_FAILED @ https://www.purepetfood.com/_next/static/chunks/framework-043cd816f72637e7.js:0
[     566ms] [ERROR] Failed to load resource: net::ERR_FAILED @ https://www.purepetfood.com/_next/static/chunks/main-90c943289de07b17.js:0
[     566ms] [ERROR] Failed to load resource: net::ERR_FAILED @ https://www.purepetfood.com/_next/static/chunks/pages/_app-8a4735346d63482b.js:0
[     567ms] [ERROR] Failed to load resource: net::ERR_FAILED @ https://www.purepetfood.com/_next/static/chunks/8907-a23a5766c6c2d2af.js:0
[     568ms] [ERROR] Failed to load resource: net::ERR_FAILED @ https://www.purepetfood.com/_next/static/chunks/2985-bbe7614beeaaf4ff.js:0
[     569ms] [ERROR] Failed to load resource: net::ERR_FAILED @ https://www.purepetfood.com/_next/static/chunks/2086-49ea716788100b43.js:0
[     570ms] [ERROR] Failed to load resource: net::ERR_FAILED @ https://www.purepetfood.com/_next/static/chunks/402-2c287be393511b0b.js:0
[     570ms] [ERROR] Failed to load resource: net::ERR_FAILED @ https://www.purepetfood.com/_next/static/chunks/7902-e07dcc421755cad9.js:0
[     571ms] [ERROR] Failed to load resource: net::ERR_FAILED @ https://www.purepetfood.com/_next/static/chunks/5674-cf5328ce3ed71c8e.js:0
[     572ms] [ERROR] Failed to load resource: net::ERR_FAILED @ https://www.purepetfood.com/_next/static/chunks/2719-7591e9c95fe4452d.js:0
[     573ms] [ERROR] Failed to load resource: net::ERR_FAILED @ https://www.purepetfood.com/_next/static/chunks/986-ad2ee5ae4c2a011d.js:0
[     573ms] [ERROR] Failed to load resource: net::ERR_FAILED @ https://www.purepetfood.com/_next/static/chunks/6604-4876b64cff682975.js:0
[     575ms] [ERROR] Failed to load resource: net::ERR_FAILED @ https://www.purepetfood.com/_next/static/chunks/8675-053c383dbcb7a619.js:0
[     576ms] [ERROR] Failed to load resource: net::ERR_FAILED @ https://www.purepetfood.com/_next/static/chunks/pages/index-98159f877e0bc84a.js:0
[     577ms] [ERROR] Failed to load resource: net::ERR_FAILED @ https://www.purepetfood.com/_next/static/oDMTFosZwKu6tH71TDb7I/_buildManifest.js:0
[     579ms] [ERROR] Failed to load resource: net::ERR_FAILED @ https://www.purepetfood.com/_next/static/oDMTFosZwKu6tH71TDb7I/_ssgManifest.js:0
[     614ms] [ERROR] Failed to load resource: net::ERR_FAILED @ https://www.purepetfood.com/.netlify/scripts/rum:0
